
 Start         Length     Name                   Class
 0001:00000000 00094B64H .text                   CODE
 0002:00000000 00003234H .data                   DATA
 0002:00003234 0000197DH .bss                    BSS


Detailed map of segments

 0001:00000000 00005C57 C=CODE     S=.text    G=(none)   M=System   ACBP=A9
 0001:00005C58 00000140 C=CODE     S=.text    G=(none)   M=SysInit  ACBP=A9
 0001:00005D98 00000078 C=CODE     S=.text    G=(none)   M=Types    ACBP=A9
 0001:00005E10 00000EA8 C=CODE     S=.text    G=(none)   M=Windows  ACBP=A9
 0001:00006CB8 00000340 C=CODE     S=.text    G=(none)   M=SysConst ACBP=A9
 0001:00006FF8 00007154 C=CODE     S=.text    G=(none)   M=SysUtils ACBP=A9
 0001:0000E14C 00000038 C=CODE     S=.text    G=(none)   M=Messages ACBP=A9
 0001:0000E184 00000813 C=CODE     S=.text    G=(none)   M=VarUtils ACBP=A9
 0001:0000E998 0000719A C=CODE     S=.text    G=(none)   M=Variants ACBP=A9
 0001:00015B34 00000138 C=CODE     S=.text    G=(none)   M=RTLConsts ACBP=A9
 0001:00015C6C 00001348 C=CODE     S=.text    G=(none)   M=TypInfo  ACBP=A9
 0001:00016FB4 000000B0 C=CODE     S=.text    G=(none)   M=ActiveX  ACBP=A9
 0001:00017064 0000A826 C=CODE     S=.text    G=(none)   M=Classes  ACBP=A9
 0001:0002188C 00000038 C=CODE     S=.text    G=(none)   M=ETypes   ACBP=A9
 0001:000218C4 000014D0 C=CODE     S=.text    G=(none)   M=EConsts  ACBP=A9
 0001:00022D94 0000246F C=CODE     S=.text    G=(none)   M=ECore    ACBP=A9
 0001:00025204 00000040 C=CODE     S=.text    G=(none)   M=ShellAPI ACBP=A9
 0001:00025244 000000A0 C=CODE     S=.text    G=(none)   M=WinSock  ACBP=A9
 0001:000252E4 00000EC7 C=CODE     S=.text    G=(none)   M=EHook    ACBP=A9
 0001:000261AC 000000C4 C=CODE     S=.text    G=(none)   M=ELang    ACBP=A9
 0001:00026270 00001553 C=CODE     S=.text    G=(none)   M=ESockets ACBP=A9
 0001:000277C4 000051D8 C=CODE     S=.text    G=(none)   M=EZLib    ACBP=A9
 0001:0002C99C 00000D3C C=CODE     S=.text    G=(none)   M=EEncrypt ACBP=A9
 0001:0002D6D8 000001A8 C=CODE     S=.text    G=(none)   M=EBase64  ACBP=A9
 0001:0002D880 00000934 C=CODE     S=.text    G=(none)   M=ETarGZip ACBP=A9
 0001:0002E1B4 0000214C C=CODE     S=.text    G=(none)   M=EWebTools ACBP=A9
 0001:00030300 000005A8 C=CODE     S=.text    G=(none)   M=EXMLBuilder ACBP=A9
 0001:000308A8 000030F0 C=CODE     S=.text    G=(none)   M=ELogManager ACBP=A9
 0001:00033998 000012F0 C=CODE     S=.text    G=(none)   M=EListView ACBP=A9
 0001:00034C88 00019BE2 C=CODE     S=.text    G=(none)   M=ExceptionLog ACBP=A9
 0001:0004E86C 00000290 C=CODE     S=.text    G=(none)   M=Consts   ACBP=A9
 0001:0004EAFC 00007283 C=CODE     S=.text    G=(none)   M=Graphics ACBP=A9
 0001:00055D80 00000048 C=CODE     S=.text    G=(none)   M=Math     ACBP=A9
 0001:00055DC8 000002B8 C=CODE     S=.text    G=(none)   M=Contnrs  ACBP=A9
 0001:00056080 000000F4 C=CODE     S=.text    G=(none)   M=CommCtrl ACBP=A9
 0001:00056174 00000787 C=CODE     S=.text    G=(none)   M=MultiMon ACBP=A9
 0001:000568FC 00000038 C=CODE     S=.text    G=(none)   M=Imm      ACBP=A9
 0001:00056934 00000FF8 C=CODE     S=.text    G=(none)   M=HelpIntfs ACBP=A9
 0001:0005792C 00000038 C=CODE     S=.text    G=(none)   M=WinSpool ACBP=A9
 0001:00057964 00000044 C=CODE     S=.text    G=(none)   M=Printers ACBP=A9
 0001:000579A8 0000031F C=CODE     S=.text    G=(none)   M=FlatSB   ACBP=A9
 0001:00057CC8 000001A4 C=CODE     S=.text    G=(none)   M=SyncObjs ACBP=A9
 0001:00057E6C 000009BB C=CODE     S=.text    G=(none)   M=UxTheme  ACBP=A9
 0001:00058828 00000038 C=CODE     S=.text    G=(none)   M=RichEdit ACBP=A9
 0001:00058860 00000038 C=CODE     S=.text    G=(none)   M=ToolWin  ACBP=A9
 0001:00058898 00000038 C=CODE     S=.text    G=(none)   M=RegStr   ACBP=A9
 0001:000588D0 00000038 C=CODE     S=.text    G=(none)   M=WinInet  ACBP=A9
 0001:00058908 00000038 C=CODE     S=.text    G=(none)   M=UrlMon   ACBP=A9
 0001:00058940 00000038 C=CODE     S=.text    G=(none)   M=ShlObj   ACBP=A9
 0001:00058978 00000038 C=CODE     S=.text    G=(none)   M=CommDlg  ACBP=A9
 0001:000589B0 00000038 C=CODE     S=.text    G=(none)   M=Dlgs     ACBP=A9
 0001:000589E8 0000066D C=CODE     S=.text    G=(none)   M=Dialogs  ACBP=A9
 0001:00059058 00000652 C=CODE     S=.text    G=(none)   M=ExtCtrls ACBP=A9
 0001:000596AC 00000038 C=CODE     S=.text    G=(none)   M=ComStrs  ACBP=A9
 0001:000596E4 00000094 C=CODE     S=.text    G=(none)   M=Clipbrd  ACBP=A9
 0001:00059778 00000038 C=CODE     S=.text    G=(none)   M=StrUtils ACBP=A9
 0001:000597B0 000000F5 C=CODE     S=.text    G=(none)   M=Buttons  ACBP=A9
 0001:000598A8 00000038 C=CODE     S=.text    G=(none)   M=ExtDlgs  ACBP=A9
 0001:000598E0 00000068 C=CODE     S=.text    G=(none)   M=IniFiles ACBP=A9
 0001:00059948 00000068 C=CODE     S=.text    G=(none)   M=Registry ACBP=A9
 0001:000599B0 0000006C C=CODE     S=.text    G=(none)   M=Mapi     ACBP=A9
 0001:00059A1C 00000058 C=CODE     S=.text    G=(none)   M=ExtActns ACBP=A9
 0001:00059A74 00000038 C=CODE     S=.text    G=(none)   M=ListActns ACBP=A9
 0001:00059AAC 00000180 C=CODE     S=.text    G=(none)   M=ComCtrls ACBP=A9
 0001:00059C2C 00000A0C C=CODE     S=.text    G=(none)   M=Themes   ACBP=A9
 0001:0005A638 00000F28 C=CODE     S=.text    G=(none)   M=StdCtrls ACBP=A9
 0001:0005B560 00000168 C=CODE     S=.text    G=(none)   M=StdActns ACBP=A9
 0001:0005B6C8 00000D1F C=CODE     S=.text    G=(none)   M=WinHelpViewer ACBP=A9
 0001:0005C3E8 00010633 C=CODE     S=.text    G=(none)   M=Controls ACBP=A9
 0001:0006CA1C 00001292 C=CODE     S=.text    G=(none)   M=ActnList ACBP=A9
 0001:0006DCB0 000016E4 C=CODE     S=.text    G=(none)   M=ImgList  ACBP=A9
 0001:0006F394 00006639 C=CODE     S=.text    G=(none)   M=Menus    ACBP=A9
 0001:000759D0 0000C3E0 C=CODE     S=.text    G=(none)   M=Forms    ACBP=A9
 0001:00081DB0 000000C8 C=CODE     S=.text    G=(none)   M=XMLConst ACBP=A9
 0001:00081E78 00000058 C=CODE     S=.text    G=(none)   M=ComConst ACBP=A9
 0001:00081ED0 00000FAD C=CODE     S=.text    G=(none)   M=ComObj   ACBP=A9
 0001:00082E80 000001E8 C=CODE     S=.text    G=(none)   M=msxml    ACBP=A9
 0001:00083068 00007581 C=CODE     S=.text    G=(none)   M=msxmldom ACBP=A9
 0001:0008A5EC 00000BAB C=CODE     S=.text    G=(none)   M=xmldom   ACBP=A9
 0001:0008B198 00000328 C=CODE     S=.text    G=(none)   M=XMLIntf  ACBP=A9
 0001:0008B4C0 0000078C C=CODE     S=.text    G=(none)   M=XMLSchemaTags ACBP=A9
 0001:0008BC4C 000002B4 C=CODE     S=.text    G=(none)   M=XMLSchema ACBP=A9
 0001:0008BF00 00007E34 C=CODE     S=.text    G=(none)   M=XMLDoc   ACBP=A9
 0001:00093D34 000006C8 C=CODE     S=.text    G=(none)   M=worklist ACBP=A9
 0001:000943FC 00000440 C=CODE     S=.text    G=(none)   M=main     ACBP=A9
 0001:0009483C 00000325 C=CODE     S=.text    G=(none)   M=dicom_worklist ACBP=A9
 0002:00000000 000000A4 C=DATA     S=.data    G=DGROUP   M=System   ACBP=A9
 0002:000000A4 00000020 C=DATA     S=.data    G=DGROUP   M=SysInit  ACBP=A9
 0002:000000C4 00000254 C=DATA     S=.data    G=DGROUP   M=SysUtils ACBP=A9
 0002:00000318 00000110 C=DATA     S=.data    G=DGROUP   M=VarUtils ACBP=A9
 0002:00000428 00000136 C=DATA     S=.data    G=DGROUP   M=Variants ACBP=A9
 0002:00000560 0000000C C=DATA     S=.data    G=DGROUP   M=TypInfo  ACBP=A9
 0002:0000056C 00000010 C=DATA     S=.data    G=DGROUP   M=ActiveX  ACBP=A9
 0002:0000057C 00000080 C=DATA     S=.data    G=DGROUP   M=Classes  ACBP=A9
 0002:000005FC 000003B4 C=DATA     S=.data    G=DGROUP   M=EConsts  ACBP=A9
 0002:000009B0 00000020 C=DATA     S=.data    G=DGROUP   M=ECore    ACBP=A9
 0002:000009D0 00001674 C=DATA     S=.data    G=DGROUP   M=EZLib    ACBP=A9
 0002:00002044 00000040 C=DATA     S=.data    G=DGROUP   M=EBase64  ACBP=A9
 0002:00002084 00000012 C=DATA     S=.data    G=DGROUP   M=ETarGZip ACBP=A9
 0002:00002098 000000E0 C=DATA     S=.data    G=DGROUP   M=EWebTools ACBP=A9
 0002:00002178 00000020 C=DATA     S=.data    G=DGROUP   M=EXMLBuilder ACBP=A9
 0002:00002198 00000084 C=DATA     S=.data    G=DGROUP   M=ExceptionLog ACBP=A9
 0002:0000221C 00000304 C=DATA     S=.data    G=DGROUP   M=Graphics ACBP=A9
 0002:00002520 00000004 C=DATA     S=.data    G=DGROUP   M=Printers ACBP=A9
 0002:00002524 00000074 C=DATA     S=.data    G=DGROUP   M=Dialogs  ACBP=A9
 0002:00002598 00000178 C=DATA     S=.data    G=DGROUP   M=ExtCtrls ACBP=A9
 0002:00002710 0000002C C=DATA     S=.data    G=DGROUP   M=Buttons  ACBP=A9
 0002:0000273C 00000008 C=DATA     S=.data    G=DGROUP   M=IniFiles ACBP=A9
 0002:00002744 00000008 C=DATA     S=.data    G=DGROUP   M=Registry ACBP=A9
 0002:0000274C 00000008 C=DATA     S=.data    G=DGROUP   M=Mapi     ACBP=A9
 0002:00002754 00000018 C=DATA     S=.data    G=DGROUP   M=ComCtrls ACBP=A9
 0002:0000276C 00000068 C=DATA     S=.data    G=DGROUP   M=Themes   ACBP=A9
 0002:000027D4 00000008 C=DATA     S=.data    G=DGROUP   M=StdCtrls ACBP=A9
 0002:000027DC 0000013C C=DATA     S=.data    G=DGROUP   M=Controls ACBP=A9
 0002:00002918 00000020 C=DATA     S=.data    G=DGROUP   M=ImgList  ACBP=A9
 0002:00002938 000000EC C=DATA     S=.data    G=DGROUP   M=Menus    ACBP=A9
 0002:00002A24 0000011C C=DATA     S=.data    G=DGROUP   M=Forms    ACBP=A9
 0002:00002B40 00000030 C=DATA     S=.data    G=DGROUP   M=ComObj   ACBP=A9
 0002:00002B70 00000010 C=DATA     S=.data    G=DGROUP   M=msxml    ACBP=A9
 0002:00002B80 00000064 C=DATA     S=.data    G=DGROUP   M=msxmldom ACBP=A9
 0002:00002BE4 00000034 C=DATA     S=.data    G=DGROUP   M=XMLIntf  ACBP=A9
 0002:00002C18 000000E4 C=DATA     S=.data    G=DGROUP   M=XMLSchemaTags ACBP=A9
 0002:00002CFC 0000004C C=DATA     S=.data    G=DGROUP   M=XMLSchema ACBP=A9
 0002:00002D48 00000030 C=DATA     S=.data    G=DGROUP   M=XMLDoc   ACBP=A9
 0002:00004000 00000664 C=BSS      S=.bss     G=DGROUP   M=System   ACBP=A9
 0002:00004664 00000010 C=BSS      S=.bss     G=DGROUP   M=SysInit  ACBP=A9
 0002:00004674 00000004 C=BSS      S=.bss     G=DGROUP   M=Types    ACBP=A9
 0002:00004678 00000004 C=BSS      S=.bss     G=DGROUP   M=Windows  ACBP=A9
 0002:0000467C 00000004 C=BSS      S=.bss     G=DGROUP   M=SysConst ACBP=A9
 0002:00004680 00000120 C=BSS      S=.bss     G=DGROUP   M=SysUtils ACBP=A9
 0002:000047A0 00000004 C=BSS      S=.bss     G=DGROUP   M=Messages ACBP=A9
 0002:000047A4 0000005C C=BSS      S=.bss     G=DGROUP   M=VarUtils ACBP=A9
 0002:00004800 00000040 C=BSS      S=.bss     G=DGROUP   M=Variants ACBP=A9
 0002:00004840 00000004 C=BSS      S=.bss     G=DGROUP   M=RTLConsts ACBP=A9
 0002:00004844 00000004 C=BSS      S=.bss     G=DGROUP   M=TypInfo  ACBP=A9
 0002:00004848 00000004 C=BSS      S=.bss     G=DGROUP   M=ActiveX  ACBP=A9
 0002:0000484C 00000044 C=BSS      S=.bss     G=DGROUP   M=Classes  ACBP=A9
 0002:00004890 00000004 C=BSS      S=.bss     G=DGROUP   M=ETypes   ACBP=A9
 0002:00004894 00000004 C=BSS      S=.bss     G=DGROUP   M=EConsts  ACBP=A9
 0002:00004898 00000009 C=BSS      S=.bss     G=DGROUP   M=ECore    ACBP=A9
 0002:000048A4 00000004 C=BSS      S=.bss     G=DGROUP   M=ShellAPI ACBP=A9
 0002:000048A8 00000004 C=BSS      S=.bss     G=DGROUP   M=WinSock  ACBP=A9
 0002:000048AC 00000010 C=BSS      S=.bss     G=DGROUP   M=EHook    ACBP=A9
 0002:000048BC 00000004 C=BSS      S=.bss     G=DGROUP   M=ELang    ACBP=A9
 0002:000048C0 00000004 C=BSS      S=.bss     G=DGROUP   M=ESockets ACBP=A9
 0002:000048C4 00000004 C=BSS      S=.bss     G=DGROUP   M=EZLib    ACBP=A9
 0002:000048C8 0000001C C=BSS      S=.bss     G=DGROUP   M=EEncrypt ACBP=A9
 0002:000048E4 00000004 C=BSS      S=.bss     G=DGROUP   M=EBase64  ACBP=A9
 0002:000048E8 00000404 C=BSS      S=.bss     G=DGROUP   M=ETarGZip ACBP=A9
 0002:00004CEC 0000003C C=BSS      S=.bss     G=DGROUP   M=EWebTools ACBP=A9
 0002:00004D28 00000004 C=BSS      S=.bss     G=DGROUP   M=EXMLBuilder ACBP=A9
 0002:00004D2C 00000004 C=BSS      S=.bss     G=DGROUP   M=ELogManager ACBP=A9
 0002:00004D30 00000004 C=BSS      S=.bss     G=DGROUP   M=EListView ACBP=A9
 0002:00004D34 000008B0 C=BSS      S=.bss     G=DGROUP   M=ExceptionLog ACBP=A9
 0002:000055E4 00000004 C=BSS      S=.bss     G=DGROUP   M=Consts   ACBP=A9
 0002:000055E8 00000060 C=BSS      S=.bss     G=DGROUP   M=Graphics ACBP=A9
 0002:00005648 00000004 C=BSS      S=.bss     G=DGROUP   M=Math     ACBP=A9
 0002:0000564C 00000004 C=BSS      S=.bss     G=DGROUP   M=Contnrs  ACBP=A9
 0002:00005650 00000004 C=BSS      S=.bss     G=DGROUP   M=CommCtrl ACBP=A9
 0002:00005654 00000031 C=BSS      S=.bss     G=DGROUP   M=MultiMon ACBP=A9
 0002:00005688 00000004 C=BSS      S=.bss     G=DGROUP   M=Imm      ACBP=A9
 0002:0000568C 00000008 C=BSS      S=.bss     G=DGROUP   M=HelpIntfs ACBP=A9
 0002:00005694 00000004 C=BSS      S=.bss     G=DGROUP   M=WinSpool ACBP=A9
 0002:00005698 00000004 C=BSS      S=.bss     G=DGROUP   M=Printers ACBP=A9
 0002:0000569C 00000034 C=BSS      S=.bss     G=DGROUP   M=FlatSB   ACBP=A9
 0002:000056D0 00000004 C=BSS      S=.bss     G=DGROUP   M=SyncObjs ACBP=A9
 0002:000056D4 000000CC C=BSS      S=.bss     G=DGROUP   M=UxTheme  ACBP=A9
 0002:000057A0 00000004 C=BSS      S=.bss     G=DGROUP   M=RichEdit ACBP=A9
 0002:000057A4 00000004 C=BSS      S=.bss     G=DGROUP   M=ToolWin  ACBP=A9
 0002:000057A8 00000004 C=BSS      S=.bss     G=DGROUP   M=RegStr   ACBP=A9
 0002:000057AC 00000004 C=BSS      S=.bss     G=DGROUP   M=WinInet  ACBP=A9
 0002:000057B0 00000004 C=BSS      S=.bss     G=DGROUP   M=UrlMon   ACBP=A9
 0002:000057B4 00000004 C=BSS      S=.bss     G=DGROUP   M=ShlObj   ACBP=A9
 0002:000057B8 00000004 C=BSS      S=.bss     G=DGROUP   M=CommDlg  ACBP=A9
 0002:000057BC 00000004 C=BSS      S=.bss     G=DGROUP   M=Dlgs     ACBP=A9
 0002:000057C0 0000000C C=BSS      S=.bss     G=DGROUP   M=Dialogs  ACBP=A9
 0002:000057CC 00000004 C=BSS      S=.bss     G=DGROUP   M=ExtCtrls ACBP=A9
 0002:000057D0 00000004 C=BSS      S=.bss     G=DGROUP   M=ComStrs  ACBP=A9
 0002:000057D4 0000000C C=BSS      S=.bss     G=DGROUP   M=Clipbrd  ACBP=A9
 0002:000057E0 00000004 C=BSS      S=.bss     G=DGROUP   M=StrUtils ACBP=A9
 0002:000057E4 00000030 C=BSS      S=.bss     G=DGROUP   M=Buttons  ACBP=A9
 0002:00005814 00000004 C=BSS      S=.bss     G=DGROUP   M=ExtDlgs  ACBP=A9
 0002:00005818 00000004 C=BSS      S=.bss     G=DGROUP   M=IniFiles ACBP=A9
 0002:0000581C 00000004 C=BSS      S=.bss     G=DGROUP   M=Registry ACBP=A9
 0002:00005820 00000004 C=BSS      S=.bss     G=DGROUP   M=Mapi     ACBP=A9
 0002:00005824 00000009 C=BSS      S=.bss     G=DGROUP   M=ExtActns ACBP=A9
 0002:00005830 00000004 C=BSS      S=.bss     G=DGROUP   M=ListActns ACBP=A9
 0002:00005834 00000010 C=BSS      S=.bss     G=DGROUP   M=ComCtrls ACBP=A9
 0002:00005844 00000008 C=BSS      S=.bss     G=DGROUP   M=Themes   ACBP=A9
 0002:0000584C 00000004 C=BSS      S=.bss     G=DGROUP   M=StdCtrls ACBP=A9
 0002:00005850 00000004 C=BSS      S=.bss     G=DGROUP   M=StdActns ACBP=A9
 0002:00005854 00000014 C=BSS      S=.bss     G=DGROUP   M=WinHelpViewer ACBP=A9
 0002:00005868 00000080 C=BSS      S=.bss     G=DGROUP   M=Controls ACBP=A9
 0002:000058E8 00000004 C=BSS      S=.bss     G=DGROUP   M=ActnList ACBP=A9
 0002:000058EC 0000000C C=BSS      S=.bss     G=DGROUP   M=ImgList  ACBP=A9
 0002:000058F8 00000010 C=BSS      S=.bss     G=DGROUP   M=Menus    ACBP=A9
 0002:00005908 00000020 C=BSS      S=.bss     G=DGROUP   M=Forms    ACBP=A9
 0002:00005928 00000004 C=BSS      S=.bss     G=DGROUP   M=XMLConst ACBP=A9
 0002:0000592C 00000004 C=BSS      S=.bss     G=DGROUP   M=ComConst ACBP=A9
 0002:00005930 00000011 C=BSS      S=.bss     G=DGROUP   M=ComObj   ACBP=A9
 0002:00005944 00000004 C=BSS      S=.bss     G=DGROUP   M=msxml    ACBP=A9
 0002:00005948 00000008 C=BSS      S=.bss     G=DGROUP   M=msxmldom ACBP=A9
 0002:00005950 0000000C C=BSS      S=.bss     G=DGROUP   M=xmldom   ACBP=A9
 0002:0000595C 00000004 C=BSS      S=.bss     G=DGROUP   M=XMLIntf  ACBP=A9
 0002:00005960 00000004 C=BSS      S=.bss     G=DGROUP   M=XMLSchemaTags ACBP=A9
 0002:00005964 00000008 C=BSS      S=.bss     G=DGROUP   M=XMLSchema ACBP=A9
 0002:0000596C 00000004 C=BSS      S=.bss     G=DGROUP   M=XMLDoc   ACBP=A9
 0002:00005970 00000004 C=BSS      S=.bss     G=DGROUP   M=worklist ACBP=A9
 0002:00005974 00000008 C=BSS      S=.bss     G=DGROUP   M=main     ACBP=A9


  Address         Publics by Name

 0002:000015D8       ..
 0002:00000A9C       ..
 0001:0002AB0C       ..
 0002:000009F8       ..
 0002:00000A4C       ..
 0002:000014AC       ..
 0002:000048A4       .1
 0002:0000585C       .1
 0002:00005928       .1
 0002:0000592C       .1
 0002:00005650       .1
 0002:000048AC       .1
 0002:00005674       .1
 0002:00005688       .1
 0002:00004674       .1
 0002:000048BC       .1
 0002:0000467C       .1
 0002:00004CEC       .1
 0002:000056BC       .1
 0002:00005820       .1
 0002:00005790       .1
 0002:000057B8       .1
 0002:000057A0       .1
 0002:00004890       .1
 0002:000048E4       .1
 0002:000055E4       .1
 0002:0000466C       .1
 0002:000057A8       .1
 0002:000057AC       .1
 0002:000057B0       .1
 0002:000048C8       .1
 0002:000057B4       .1
 0002:000057BC       .1
 0002:00004840       .1
 0002:000057D0       .1
 0002:000048A8       .1
 0002:000057E0       .1
 0002:000047A0       .1
 0002:000057C0       .11
 0002:000055EC       .12
 0002:000057CC       .12
 0002:0000594C       .12
 0002:00005968       .15
 0002:00005978       .2
 0002:000057D8       .2
 0002:000048C4       .2
 0002:00005844       .2
 0002:0000568C       .2
 0002:00005648       .2
 0002:00004D30       .2
 0002:00005970       .2
 0002:0000489C       .2
 0002:0000564C       .21
 0002:00004678       .3
 0002:00004D2C       .3
 0002:00005814       .3
 0002:0000595C       .3
 0002:00005960       .3
 0002:000058EC       .3
 0002:00005698       .3
 0002:00005694       .3
 0002:00004848       .3
 0002:00004D28       .3
 0002:000048E8       .3
 0002:00004790       .35
 0002:00005834       .36
 0002:000048C0       .4
 0002:000057A4       .4
 0002:00004894       .4
 0002:000057E4       .4
 0002:00005910       .41
 0002:00005930       .41
 0002:0000584C       .42
 0002:00004858       .45
 0002:000045BC       .5
 0002:000047FC       .5
 0002:0000596C       .5
 0002:00005958       .5
 0002:0000581C       .5
 0002:00004844       .6
 0002:000056D0       .6
 0002:00005944       .6
 0002:00004D50       .7
 0002:00005824       .72
 0002:00005870       .72
 0002:00005850       .73
 0002:00005830       .8
 0002:000058E8       .8
 0002:00005818       .8
 0002:00004820       .81
 0002:00005900       .9
 0001:00001D30       @AbstractError
 0001:00004634       @AddRefArray
 0001:000045EC       @AddRefRecord
 0001:00002CBC       @AfterConstruction
 0001:00002AF0       @AsClass
 0001:00003770       @Assert
 0001:0000216C       @AStrCmp
 0001:00002CCC       @BeforeDestruction
 0001:00002880       @BoundErr
 0001:00002B3C       @CallDynaInst
 0001:00005694       @CheckAutoResult
 0001:00002C64       @ClassCreate
 0001:00002CB4       @ClassDestroy
 0001:00002068       @Close
 0001:00001968       @Copy
 0001:00004828       @CopyArray
 0001:0000470C       @CopyRecord
 0001:00004994       @DispCallByIDError
 0001:0000F578       @DispInvokeError
 0001:00004930       @Dispose
 0001:0000320C       @DoneExcept
 0001:00004F30       @DynArrayAddRef
 0001:00004F08       @DynArrayAsg
 0001:00004ECC       @DynArrayClear
 0001:00004DB8       @DynArrayCopy
 0001:00004DD8       @DynArrayCopyRange
 0001:00004BF8       @DynArrayHigh
 0001:00004BF0       @DynArrayLength
 0001:00004DAC       @DynArraySetLength
 0001:000032F4       @ExceptionHandler
 0001:000021DC       @FillChar
 0001:000045E0       @Finalize
 0001:000044F4       @FinalizeArray
 0001:000044A8       @FinalizeRecord
 0001:00002B54       @FindDynaInst
 0001:0000205C       @Flush
 0001:00002874       @FpuInit
 0001:000027B0       @FpuMaskInit
 0001:000017F0       @FreeMem
 0001:000017D0       @GetMem
 0001:00005CD0       @GetTls
 0001:00003758       @Halt
 0001:00003680       @Halt0
 0001:00002DE0       @HandleAnyException
 0001:000030CC       @HandleAutoException
 0001:00003094       @HandleFinally
 0001:00002F0C       @HandleOnException
 0001:00028D50       @inflate_fast
 0001:0002A698       @inflate_table
 0001:00005D1C       @InitExe
 0001:0000449C       @Initialize
 0001:00004408       @InitializeArray
 0001:000043D8       @InitializeRecord
 0001:00003528       @InitImports
 0001:00003500       @InitResStringImports
 0001:000034DC       @InitResStrings
 0001:0000354C       @InitWideStrings
 0001:00001A24       @Insert
 0001:000055F8       @IntfAddRef
 0001:000055C8       @IntfCast
 0001:00005584       @IntfClear
 0001:0000559C       @IntfCopy
 0001:00002ACC       @IsClass
 0001:00002780       @isNECWindows
 0001:000019AC       @LGetDir
 0001:00003CE0       @LStrAddRef
 0001:00003838       @LStrArrayClr
 0001:00003868       @LStrAsg
 0001:00003AF8       @LStrCat
 0001:00003B3C       @LStrCat3
 0001:00003BB0       @LStrCatN
 0001:00003814       @LStrClr
 0001:00003C3C       @LStrCmp
 0001:00003D50       @LStrCopy
 0001:00003D90       @LStrDelete
 0001:00003A84       @LStrFromArray
 0001:000039FC       @LStrFromChar
 0001:00003A0C       @LStrFromPChar
 0001:00003904       @LStrFromPCharLen
 0001:00003A3C       @LStrFromPWChar
 0001:00003970       @LStrFromPWCharLen
 0001:00003A78       @LStrFromString
 0001:00003A9C       @LStrFromWArray
 0001:00003AB8       @LStrFromWStr
 0001:00003DD8       @LStrInsert
 0001:000038AC       @LStrLAsg
 0001:00003AF0       @LStrLen
 0001:00003E34       @LStrPos
 0001:00003E7C       @LStrSetLength
 0001:00003CF0       @LStrToPChar
 0001:00003ACC       @LStrToString
 0001:0000491C       @New
 0001:000038D8       @NewAnsiString
 0001:00003F10       @NewWideString
 0001:00013A50       @OleVarFromInt
 0001:00013D54       @OleVarFromLStr
 0001:00013E10       @OleVarFromVar
 0001:00001C98       @Pos
 0001:00002494       @Pow10
 0001:000020E8       @PStrCmp
 0001:000020C0       @PStrCpy
 0001:000020CC       @PStrNCpy
 0001:000031B8       @RaiseAgain
 0001:00003190       @RaiseExcept
 0001:000021FC       @RandInt
 0001:00001810       @ReallocMem
 0001:00001DA4       @RewritText
 0001:00001D00       @ROUND
 0001:00003764       @RunError
 0001:00002478       @SetEq
 0001:00001CD8       @SetLength
 0001:0000349C       @StartExe
 0001:000003A8       @strlen
 0001:00001D0C       @TRUNC
 0001:0000323C       @TryFinallyExit
 0001:00003D48       @UniqueStringA
 0001:000049C0       @ValInt64
 0001:00002218       @ValLong
 0001:0000461C       @VarAddRef
 0001:000148A0       @VarAddRef
 0001:00014E8C       @VarArrayPut
 0001:0000FE80       @VarCast
 0001:0000F864       @VarClear
 0001:000044DC       @VarClr
 0001:0000F878       @VarClr
 0001:00015A00       @VarCmpEQ
 0001:0000FB8C       @VarCopy
 0001:000046F4       @VarCopy
 0001:00013BE4       @VarFromBool
 0001:00013A70       @VarFromByte
 0001:00013C34       @VarFromCurr
 0001:00013B8C       @VarFromCurrency
 0001:00013BB8       @VarFromDate
 0001:00013D28       @VarFromDisp
 0001:00013B60       @VarFromDouble
 0001:000139F4       @VarFromInt
 0001:00013B10       @VarFromInt64
 0001:00013A30       @VarFromInteger
 0001:00013CFC       @VarFromIntf
 0001:00013AB0       @VarFromLongWord
 0001:00013C48       @VarFromLStr
 0001:00013C74       @VarFromPStr
 0001:00013C0C       @VarFromReal
 0001:00013AD0       @VarFromShortInt
 0001:00013B3C       @VarFromSingle
 0001:00013AF0       @VarFromSmallInt
 0001:00013C20       @VarFromTDateTime
 0001:00013A90       @VarFromWord
 0001:00013CC4       @VarFromWStr
 0001:0000F5CC       @VarNull
 0001:0000FBD0       @VarStringToOleStr
 0001:00011304       @VarToBoolean
 0001:00010744       @VarToByte
 0001:000124C8       @VarToCurrency
 0001:00011F60       @VarToDate
 0001:00013948       @VarToDisp
 0001:0001180C       @VarToDouble
 0001:00010D08       @VarToInt64
 0001:00010244       @VarToInteger
 0001:0001387C       @VarToIntf
 0001:000109BC       @VarToLongWord
 0001:00012B7C       @VarToLStr
 0001:00010694       @VarToShortInt
 0001:00011B88       @VarToSingle
 0001:000107EC       @VarToSmallInt
 0001:000108E4       @VarToWord
 0001:000132A4       @VarToWStr
 0001:00003EE0       @Write0LString
 0001:00002330       @WriteBytes
 0001:00002400       @WriteLn
 0001:00003EE8       @WriteLString
 0001:00002384       @WriteSpaces
 0001:000043B8       @WStrAddRef
 0001:00003F50       @WStrArrayClr
 0001:00003F74       @WStrAsg
 0001:000040B8       @WStrCat
 0001:00004118       @WStrCat3
 0001:0000417C       @WStrCatN
 0001:00003F38       @WStrClr
 0001:000041C4       @WStrCmp
 0001:00004248       @WStrCopy
 0001:00004294       @WStrDelete
 0001:0000408C       @WStrFromLStr
 0001:00003FA0       @WStrFromPCharLen
 0001:00004050       @WStrFromPWChar
 0001:0000402C       @WStrFromPWCharLen
 0001:00003F98       @WStrLAsg
 0001:000040AC       @WStrLen
 0001:00004324       @WStrPos
 0001:00004374       @WStrSetLength
 0001:0000409C       @WStrToPWChar
 0001:00002454       @_CLenToPasStr
 0001:00002448       @_CToPasStr
 0001:00001938       @_IOTest
 0001:0000499C       @_llmul
 0001:0002BD04       @_tr_align
 0001:0002BFD0       @_tr_flush_block
 0001:0002AB10       @_tr_init
 0001:0002BC48       @_tr_stored_block
 0001:0000C0D0       Abort
 0001:0005EC88       AbsMin
 0001:0000C49C       AbstractErrorHandler
 0002:0000402C       AbstractErrorProc
 0002:00000148       AccessMode
 0001:000018A0       AcquireExceptionObject
 0001:000408C0       ActicatePage
 0001:00019604       ActivateClassGroup
 0002:00004E98       ActivateEurekaLog
 0001:0000648C       ActivateKeyboardLayout
 0002:000058A4       ActiveDrag
 0001:0001705C       ActiveX
 0001:0006DC84       ActnList
 0001:000004DC       AddBlockAfter
 0001:0004A080       AddCallerCallStack
 0002:0000057C       AddDataModule
 0001:00026EFC       AddDNS
 0001:00007CBC       AddExitProc
 0001:0001CFA4       AddFinished
 0001:00070FC8       AddIn
 0001:0003C6A8       AddModule
 0001:00005418       AddModuleUnloadProc
 0001:00005428       AddModuleUnloadProc
 0001:0008D744       AddNodeClassInfo
 0001:0001CFDC       AddNotFinished
 0001:0001DA00       AddSubComponentsToLoaded
 0001:0001FE14       AddThread
 0001:0003C814       AddToStack
 0001:000317B4       AddValueField
 0001:00052124       AdjustColor
 0001:00040810       AdjustDialog
 0001:0003E4D0       AdjustFlatStyle
 0001:00077FB0       Adjustment
 0001:00006494       AdjustWindowRectEx
 0001:00027BC0       adler32
 0001:00043330       AfterScreenshot
 0001:00043060       AfterScreenshotToStream
 0002:000029FC       Alignments
 0002:00002A0C       Alignments
 0001:00064298       AlignWork
 0001:0007EEA8       AlignWork
 0001:0002166C       AllocateHWnd
 0001:00007C70       AllocMem
 0002:000045B4       AllocMemCount
 0002:000045B8       AllocMemSize
 0001:00055B78       AllocPatternBitmap
 0001:00005C78       AllocTlsBuffer
 0002:000027E8       AnchorAlign
 0002:000027DC       AnimateWindowProc
 0002:000028E4       AnimationStyle
 0001:0000CDDC       AnsiCompareFileName
 0001:00007E68       AnsiCompareStr
 0001:00007EA0       AnsiCompareText
 0002:00002D50       AnsiEncodings
 0001:0000869C       AnsiLastChar
 0001:0000649C       AnsiLower
 0001:00007E34       AnsiLowerCase
 0001:0000CE5C       AnsiLowerCaseFileName
 0001:0000CDA4       AnsiPos
 0001:000757DC       AnsiSameCaption
 0001:00007ED8       AnsiSameText
 0001:00007EF0       AnsiStrLIComp
 0001:0000CEE8       AnsiStrPos
 0001:0000CF88       AnsiStrRScan
 0001:0000CFB0       AnsiStrScan
 0001:00005A14       AnsiToUtf8
 0001:00013804       AnyToIntf
 0001:0000A3A8       AppendChars
 0001:0000A76C       AppendFormat
 0001:0008D848       AppendItem
 0001:0000A40C       AppendNumber
 0001:0000A3EC       AppendString
 0002:00005908       Application
 0002:0000058C       ApplicationHandleException
 0001:0003CD4C       ApplicationRestore
 0002:00000594       ApplicationShowException
 0002:00002B38       AppVisible
 0001:0003BA4C       ASMAssigned
 0001:0000C480       AssertErrorHandler
 0002:00004024       AssertErrorProc
 0001:0001673C       AssignLongStr
 0001:0003DA84       AssignPriority
 0001:00016DB8       AssignVariant
 0001:00043FEC       AttachedFile
 0001:00044248       AttachedFiles
 0002:00004D48       AttachedFilesRequest
 0002:00002D4C       AttrChangeTypeMap
 0002:00004EA4       AutoCloseTimer
 0001:0003D500       AutoCloseTimerProc
 0002:0000460C       avail
 0001:00008B84       BackfillGetDiskFreeSpaceEx
 0001:0006180C       BackgroundClipped
 0001:0000E414       BackupVarBoolFromStr
 0001:0000E574       BackupVarBStrFromBool
 0001:0000E494       BackupVarBStrFromCy
 0001:0000E504       BackupVarBStrFromDate
 0001:0000E3A8       BackupVarCyFromStr
 0001:0000E33C       BackupVarDateFromStr
 0001:0000E1F8       BackupVarI4FromStr
 0001:0000E1A4       BackupVariantChangeTypeEx
 0001:0000E264       BackupVarR4FromStr
 0001:0000E2D0       BackupVarR8FromStr
 0001:0002D704       Base64Encode
 0001:00043C9C       Base64EncodeFromFile
 0001:0002D7C0       Base64EncodeStr
 0001:0002D80C       Base64EncodeString
 0001:0002D814       Base64EncodeToString
 0002:00002D0C       BaseTypeIndMap
 0002:00000440       BaseTypeMap
 0001:0000CA74       Beep
 0001:0001995C       BeginGlobalLoading
 0001:000064A4       BeginPaint
 0001:000037C8       BeginThread
 0001:00052130       BetterSize
 0001:00071E3C       BiDiDraw
 0001:00023D2C       BinToStr
 0001:0000629C       BitBlt
 0002:00002710       BitBtnCaptions
 0002:000057E8       BitBtnGlyphs
 0002:000024D4       BitmapCanvasList
 0002:00005604       BitmapImageLock
 0001:0000E1E0       BiUnimplemented
 0002:000005D0       BlockCode
 0002:000045E4       blockDescBlockList
 0002:000045E8       blockDescFreeList
 0001:00045DDC       BlockingSendInternetMessage
 0002:00000560       BooleanIdents
 0002:0000043C       BooleanToStringRule
 0001:000083B0       BoolToStr
 0001:00012904       BoolToWStrViaOS
 0001:0001891C       Bounds
 0001:00005DBC       Bounds
 0002:000029A4       Breaks
 0002:0000563C       BrushManager
 0001:000745F0       BuildImage
 0002:00002C18       BuiltInTypeNames
 0002:0000256C       ButtonCaptions
 0002:00002540       ButtonNames
 0002:00002A20       Buttons
 0001:00059880       Buttons
 0002:000027D4       ButtonStyles
 0001:00051910       BytesPerScanline
 0001:00042904       BytesSwap
 0001:00051C68       ByteSwapColors
 0001:0000CB58       ByteToCharIndex
 0001:0000CB30       ByteToCharLen
 0001:0000CAF4       ByteType
 0001:0000CA7C       ByteTypeTest
 0002:000058F0       CachedComCtrlVer
 0002:00004F24       Cached_LogFile
 0001:0004CA48       CalcAddr
 0001:00042934       CalcCRC
 0001:0003A868       CalcDuplicatedException
 0001:0002D6D8       CalcEncodedSize
 0001:000215A8       CalcJmpOffset
 0001:0006BD0C       CalcSplitterPos
 0001:0003B608       CallAttachedFilesRequest
 0001:0003B59C       CallCustomDataRequest
 0001:0003B674       CallCustomFieldsRequest
 0001:0003B3B0       CallExceptionActionNotify
 0001:00047550       CallExceptionActionNotify_atSavedLogFile
 0001:0004753C       CallExceptionActionNotify_atSavingLogFile
 0001:0004533C       CallExceptionActionNotify_atSendingEmail
 0001:00045364       CallExceptionActionNotify_atSendingWebMessage
 0001:00045350       CallExceptionActionNotify_atSentEmail
 0001:00045378       CallExceptionActionNotify_atSentWebMessage
 0001:00047798       CallExceptionActionNotify_atShowedExceptionInfo
 0001:00047784       CallExceptionActionNotify_atShowingExceptionInfo
 0001:00042590       CallExceptionActionNotify_atTerminating
 0001:0003B470       CallExceptionErrorNotify
 0001:00047564       CallExceptionErrorNotify_atSavedLogFile
 0001:0004538C       CallExceptionErrorNotify_atSentEmail
 0001:000453A0       CallExceptionErrorNotify_atSentWebMessage
 0001:0003B34C       CallExceptionNotify
 0001:0003B6EC       CallModule_PasswordRequestEvent
 0001:000064AC       CallNextHookEx
 0001:0003B530       CallPasswordRequest
 0001:0003CA20       CallStackByAddresses
 0001:0003F500       CallStackDialogProc
 0001:0000D67C       CallTerminateProcs
 0001:000064B4       CallWindowProc
 0001:000477AC       CallWriteIntraWebText
 0001:0004BAB8       Call_HookedExceptionObject
 0001:0004B9F8       Call_HookedRaise
 0001:0004BB38       Call_HookedRtlUnwind
 0002:00004E59       CanAttachScreenshot
 0002:00004E55       CanAttachScreenshot_Show
 0001:0005FCC0       CancelDrag
 0002:00004E5A       CanCopy
 0002:00004E56       CanCopy_Show
 0001:0003B7A8       CanExit
 0002:00004E1D       CanHookLibraries
 0001:0004A0E4       CanPauseThisThread
 0002:00004E54       CanSendEmail_Show
 0002:00004E58       CanSendMessage
 0002:00004E57       CanSupport_Show
 0002:00005640       CanvasList
 0002:000058B8       CanvasList
 0002:00004F5C       CaptionFontName
 0002:0000252C       Captions
 0002:00005170       CAPTION_HEIGHT
 0002:000028A0       CaptureControl
 0002:00002044       cBase64Codec
 0002:00002944       cBooleanToItemAutoFlag
 0002:00000470       CBooleanToRelationship
 0002:000057D6       CF_COMPONENT
 0002:000057D4       CF_PICTURE
 0002:00004DEC       CGIHandleException
 0002:00004DAC       CGIOutputFile
 0002:00004818       ChangeAnyProc
 0001:0000871C       ChangeFileExt
 0001:00003934       CharFromWChar
 0001:0000CD2C       CharLength
 0001:000064BC       CharLowerBuff
 0001:00000308       CharNext
 0001:000064C4       CharNext
 0001:00050294       CharsetToIdent
 0001:0000CC40       CharToByteIndex
 0001:0000CCA4       CharToByteLen
 0001:000064CC       CharToOemA
 0001:000526E0       CheckBool
 0001:0008D5E8       CheckEncoding
 0001:0002EF5C       CheckError
 0001:00092F10       CheckForDTD
 0001:000398F8       CheckForResult
 0001:000932A0       CheckForXMLSchema
 0001:0008D168       CheckIntegerValue
 0001:0002339C       CheckIntoIDE
 0001:00002D5C       CheckJmp
 0001:000064D4       CheckMenuItem
 0002:00002994       Checks
 0001:0001DA3C       CheckSubComponents
 0001:0001FE2C       CheckSynchronize
 0001:000779EC       CheckTaskWindow
 0001:00013F60       CheckType
 0001:0005F974       CheckUndock
 0001:0000C968       CheckWin32Version
 0001:0008D484       CheckWordValue
 0002:00002D40       ChoiceTypeMap
 0002:00000458       CInvalidCustomVariantType
 0002:00002948       cItemAutoFlagToBoolean
 0002:00002940       cItemAutoFlagToMenu
 0001:000217F8       Classes
 0001:000193C8       ClassNotFound
 0002:00002B70       CLASS_DOMDocument
 0002:00002BB4       CLASS_DOMDocument26
 0002:00002BC4       CLASS_DOMDocument30
 0002:00002BD4       CLASS_DOMDocument40
 0002:00004814       ClearAnyProc
 0001:0004FB24       ClearColor
 0001:0002DBBC       ClearDirRec
 0001:00082B60       ClearExcepInfo
 0001:000374C8       ClearInternalError
 0001:000155B4       ClearVariantTypeList
 0001:000342A4       ClickOnSign
 0001:000064DC       ClientToScreen
 0001:000692F4       ClientToWindow
 0002:000024CC       ClipboardFormats
 0001:00059720       Clipbrd
 0001:000064E4       CloseClipboard
 0001:000002A8       CloseHandle
 0001:00005EFC       CloseHandle
 0001:0003A84C       CloseLogFile
 0001:00043F60       CloseSendDialog
 0001:00025244       closesocket
 0002:000056D8       CloseThemeData
 0002:00004DF4       CLXHandleException
 0002:00004DF8       CLXShowException
 0002:00004040       CmdLine
 0002:0000403C       CmdShow
 0002:0000293C       cMenuAutoFlagToItem
 0002:0000047C       CmpTypeMap
 0001:0000E1EC       CmpUnimplemented
 0002:00002B48       CoAddRefServerProcess
 0001:00016FF8       CoCreateInstance
 0002:00002B40       CoCreateInstanceEx
 0002:00002B58       CoInitFlags
 0001:00016FE8       CoInitialize
 0002:00002B44       CoInitializeEx
 0002:00002210       ColIdx
 0002:0000224C       Colors
 0001:0005008C       ColorToIdent
 0002:00002598       ColorToPretyName
 0001:0005007C       ColorToRGB
 0002:00005120       ColWidths
 0001:000062A4       CombineRgn
 0002:00005938       ComClassManagerVar
 0001:00081EC8       ComConst
 0002:00005840       ComCtlVersion
 0001:00059C24       ComCtrls
 0002:00005904       CommandPool
 0001:0005616C       CommCtrl
 0001:000589A8       CommDlg
 0001:000007BC       Commit
 0002:00004628       committedRoot
 0001:00042FA4       CommonSaveToStream
 0001:00082E28       ComObj
 0001:0003BBBC       CompareEurekaFunctions
 0001:000705AC       CompareFront
 0001:00007D9C       CompareMem
 0001:000380F8       CompareModulesFunctions
 0001:00007D6C       CompareStr
 0001:00005F04       CompareString
 0001:00007DBC       CompareText
 0001:0008D0C8       CompareToRead
 0001:000082D8       CompareWith
 0001:0004743C       CompleteStr
 0001:0001DB1C       ComponentCreated
 0002:00002D34       CompositorNames
 0002:00002D00       CompositorNames
 0001:0002CA0C       Compress
 0001:00025050       ComputerName
 0001:0004649C       ComputerName
 0001:000596DC       ComStrs
 0001:0002524C       connect
 0001:0004EAF4       Consts
 0001:00056078       Contnrs
 0002:00005876       ControlAtom
 0002:0000587C       ControlAtomString
 0001:0007C778       ControlHasHelp
 0001:0006C98C       Controls
 0001:0000BE70       ConvertAddr
 0001:00039594       ConvertAddress
 0001:0002589C       ConvertAddress
 0001:0000A4FC       ConvertEraString
 0001:00007C34       ConvertError
 0001:00007C4C       ConvertErrorFmt
 0001:0000A664       ConvertYearString
 0001:00004C00       CopyArray
 0001:000531B8       CopyBitmap
 0001:00053880       CopyBitmapAsMask
 0001:000069FC       CopyMemory
 0001:0005381C       CopyPalette
 0001:000064EC       CopyRect
 0002:00002770       Copyright
 0001:0007369C       CopyToBest
 0002:00002B4C       CoReleaseServerProcess
 0002:00002B50       CoResumeClassObjects
 0002:00002B54       CoSuspendClassObjects
 0001:00016FF0       CoUninitialize
 0001:0000CBB0       CountChars
 0002:0000561C       CounterLock
 0001:000403F8       CPUDialogProc
 0001:00035C2C       CPUToRTF
 0002:0000045C       CRangeToType
 0002:000048EC       crc_table
 0002:00002084       crc_table_computed
 0001:0000C3C4       CreateAssertException
 0001:0000C54C       CreateAVObject
 0001:000062AC       CreateBitmap
 0001:000062B4       CreateBrushIndirect
 0001:000062BC       CreateCompatibleBitmap
 0001:000062C4       CreateCompatibleDC
 0001:0001DB9C       CreateComponent
 0001:00006B70       CreateDialog
 0001:0003D1F8       CreateDialogFonts
 0001:000064F4       CreateDialogParam
 0001:000062D4       CreateDIBitmap
 0001:000062CC       CreateDIBSection
 0001:00008C70       CreateDir
 0001:00005F0C       CreateDirectory
 0001:00085B08       CreateDOMDocument
 0001:0008CD44       CreateDOMNode
 0001:00017018       CreateErrorInfo
 0001:00005F14       CreateEvent
 0001:00005F1C       CreateFile
 0001:000002B0       CreateFileA
 0001:00005F24       CreateFileMapping
 0001:000062DC       CreateFont
 0001:000062E4       CreateFontIndirect
 0001:000477B8       CreateGeneralText
 0001:0002D9B0       CreateGZipFile
 0001:000062EC       CreateHalftonePalette
 0001:00038C7C       CreateHTMLByLayout
 0001:0003ADF8       CreateHTMLFile
 0001:000064FC       CreateIcon
 0001:0000C2F0       CreateInOutError
 0001:00048630       CreateLogText
 0001:00006504       CreateMenu
 0001:00027330       CreateMXQuery
 0001:000062F4       CreatePalette
 0001:000062FC       CreatePenIndirect
 0001:0000650C       CreatePopupMenu
 0001:00005F2C       CreateProcess
 0001:00006304       CreateRectRgn
 0001:0000630C       CreateRectRgnIndirect
 0001:00006314       CreateSolidBrush
 0001:00051CC0       CreateSystemPalette
 0001:00039054       CreateTemplateFile
 0001:000453B4       CreateTGZFile
 0001:00005F34       CreateThread
 0001:00000310       CreateThread
 0001:0003DD34       CreateThreadStr
 0001:00044E74       CreateTmpLogFile
 0001:000361CC       CreateVirtualFile
 0001:00006B18       CreateWindow
 0001:00006AC0       CreateWindowEx
 0001:0003AEC4       CreateXMLLogCopy
 0002:000027E0       CreationControl
 0002:00002524       CreationControl
 0002:0000054C       CRelationshipToBoolean
 0002:00000420       CResult
 0002:00000140       cSimpleBoolStrs
 0002:000004F8       CText
 0002:000028DC       Ctl3DStyles
 0002:00004620       curAlloc
 0001:000141F4       CurrCompare
 0002:00004688       CurrencyDecimals
 0002:00004684       CurrencyFormat
 0002:00004680       CurrencyString
 0002:00004E18       CurrentCPUErrorText
 0002:00004EA8       CurrentDialog
 0001:0004CABC       CurrentEurekaLogOptions
 0002:00004E14       CurrentGeneralErrorText
 0002:00004DA8       CurrentOptions
 0002:00004EC0       CurrentProcessWindowsList
 0002:00004E78       CurrentRequestValue
 0002:000021B0       CurrentStackList
 0001:0000A394       CurrentYear
 0001:00009DA4       CurrToStr
 0001:00012894       CurrToWStrViaOS
 0002:00002ABC       CursorMap
 0002:000027F0       Cursors
 0001:0005E560       CursorToIdent
 0002:00002AAC       cUseAlpha
 0002:00002AB4       cUseColorKey
 0001:00040600       CustomDataDialogProc
 0002:00004D44       CustomDataRequest
 0002:00004E44       CustomExceptMessage
 0002:00004D4C       CustomFieldsRequest
 0002:000048CC       CV
 0002:00000318       CVarTypeToElementInfo
 0001:00007FFC       CvtInt
 0001:00008068       CvtInt64
 0002:00000180       CWNear
 0001:000141CC       DateCompare
 0002:00004689       DateSeparator
 0001:0000AF7C       DateTimeToStr
 0001:0000AF20       DateTimeToString
 0001:00009EBC       DateTimeToTimeStamp
 0001:000128CC       DateToWStrViaOS
 0001:0000A31C       DayOfWeek
 0002:000021F4       Days
 0002:00004EBC       DbgSection
 0002:0000017C       DCon10
 0002:00002248       DDBsOnly
 0001:00021720       DeallocateHWnd
 0002:0000002C       DebugHook
 0002:00004687       DecimalSeparator
 0001:00015134       DecIndices
 0001:0000A28C       DecodeDate
 0001:0000A140       DecodeDateFully
 0001:00009FB0       DecodeTime
 0001:00000850       Decommit
 0001:00000E6C       DecommitFree
 0002:000045FC       decommittedRoot
 0001:0002D5D0       Decrypt
 0001:0007A400       Default
 0001:0007FAD0       Default
 0002:00000024       Default8087CW
 0002:000027E4       DefaultDockTreeClass
 0002:00005950       DefaultDOMVendor
 0002:00002D48       DefaultNodeIndent
 0002:00000038       DefaultTextLineBreakStyle
 0002:000045C0       DefaultUserCodePage
 0002:0000249C       DefBrushData
 0002:0000221C       DefFontData
 0001:00006514       DefFrameProc
 0001:00028224       deflate
 0001:000284DC       deflateEnd
 0001:000278E0       DeflateInit
 0001:00027CEC       deflateInit_
 0002:0000020C       DefLongDayNames
 0002:000001C0       DefLongMonthNames
 0001:0000651C       DefMDIChildProc
 0002:0000247C       DefPenData
 0002:000001F0       DefShortDayNames
 0002:00000190       DefShortMonthNames
 0001:00006524       DefWindowProc
 0001:00004F6C       DelayLoadResourceModule
 0001:0000050C       DeleteBlock
 0001:00005F3C       DeleteCriticalSection
 0001:0000047C       DeleteCriticalSection
 0001:0000631C       DeleteDC
 0001:00045520       DeleteExtraFiles
 0001:00005F44       DeleteFile
 0001:00008684       DeleteFile
 0001:00000CB4       DeleteFree
 0001:0000652C       DeleteMenu
 0001:00006324       DeleteObject
 0001:00036358       DeleteVirtualFile
 0001:00052D74       DeselectBitmap
 0001:00006534       DestroyCursor
 0001:0003D400       DestroyDialogFonts
 0001:0000653C       DestroyIcon
 0001:000597B0       DestroyLocals
 0001:00006544       DestroyMenu
 0001:0000654C       DestroyWindow
 0002:00005160       DetailsActive
 0001:0003E510       DetailsState
 0001:0008D4E4       DetectCharEncoding
 0001:00006554       DialogBoxParam
 0001:0005C09C       DialogEnumerationTester
 0002:0000516C       DialogHeight
 0001:00059018       Dialogs
 0002:000024D8       DIBPalSizes
 0001:00094B1C       dicom_worklist
 0002:00000094       dig
 0001:00039030       DirectoryExists
 0001:00077840       DisableTaskWindows
 0001:00082574       DispatchInvoke
 0001:00082B54       DispatchInvokeError
 0001:0000655C       DispatchMessage
 0001:0007DA58       DispatchShortCut
 0001:00082B70       DispCall
 0001:00082C54       DispCallByID
 0002:00004000       DispCallByIDProc
 0001:00082A80       DispCallError
 0001:00007C18       DivMod
 0001:000589E0       Dlgs
 0001:0003CEB0       DlgTemplate
 0002:000048B4       DllList
 0001:00064128       DoAlign
 0001:0007ED5C       DoAlign
 0001:000681B0       DoCalcConstraints
 0002:000058AC       DockSiteList
 0001:000742BC       DoClick
 0001:0006586C       DoControlMsg
 0001:000777F0       DoDisableWindow
 0001:0005F2A0       DoDragOver
 0001:00007C90       DoExitProc
 0001:00069FE0       DoFindControlZone
 0001:0007792C       DoFindWindow
 0001:0006A56C       DoFindZone
 0001:0006A064       DoForEach
 0001:0006B970       DoGetNextLimit
 0001:0008AD38       DOMVendorList
 0001:0008AE70       DOMVendorNotSupported
 0002:00005954       DOMVendors
 0001:00091514       DOMVendorStored
 0001:000260C4       Done
 0001:000251B8       Done
 0001:00027774       Done
 0001:0004E57C       Done
 0001:000777B8       DoneApplication
 0001:0004D5E0       DoneCheckFreeze
 0001:0006C6D0       DoneControls
 0001:0000C878       DoneExceptions
 0001:0002EC84       DoneLib
 0001:0007BDD4       DoNestedActivation
 0001:0001FDC8       DoneThreadSynchronization
 0001:0007EBAC       DoPosition
 0001:00063CE8       DoPosition
 0001:0006AF98       DoPrune
 0001:0006B470       DoSaveZone
 0001:0006B674       DoSetNewBounds
 0002:00000568       DotSep
 0001:0006EC0C       DoWrite
 0001:0001AE7C       DoWrite
 0001:00052938       DoWrite
 0001:00064E54       DoWriteDesignSize
 0001:00062900       DoWriteIsControl
 0002:00005890       DragCapture
 0002:00005884       DragControl
 0001:0005F9E8       DragDone
 0001:0005F250       DragFindTarget
 0001:0005F224       DragFindWindow
 0002:000058A8       DragImageList
 0001:0005F640       DragInit
 0001:0005F7B0       DragInitControl
 0002:0000588C       DragInternalObject
 0001:0005F16C       DragMessage
 0002:00005888       DragObject
 0002:000058B4       DragSave
 0002:0000589C       DragSaveCursor
 0002:00005894       DragStartPos
 0002:000058A0       DragThreshold
 0001:0005F370       DragTo
 0001:0007FB0C       DrawAppIcon
 0001:00033A68       DrawBmp
 0001:00034614       DrawBottom
 0001:0006AB04       DrawCloseButton
 0001:00006564       DrawEdge
 0001:000345A0       DrawFrame
 0001:0000656C       DrawFrameControl
 0001:0006AB5C       DrawGrabberLine
 0001:00006574       DrawIcon
 0001:0000657C       DrawIconEx
 0002:00002918       DrawingStyles
 0001:000346BC       DrawItem
 0001:00034668       DrawLine
 0001:00006584       DrawMenuBar
 0001:000755FC       DrawMenuItem
 0001:00040B58       DrawSupportLink
 0001:0000658C       DrawText
 0002:000056DC       DrawThemeBackground
 0002:00005700       DrawThemeEdge
 0002:00005704       DrawThemeIcon
 0002:00005788       DrawThemeParentBackground
 0002:000056E0       DrawThemeText
 0001:00051790       DupBits
 0002:00004E5B       DuplicatedException
 0001:00005F4C       DuplicateHandle
 0001:000150E0       DynArrayBounds
 0001:00004C18       DynArrayClear
 0001:00015058       DynArrayDim
 0001:0001503C       DynArrayElTypeInfo
 0001:00014FFC       DynArrayIndex
 0001:00004C20       DynArraySetLength
 0001:00015070       DynArraySize
 0001:00015240       DynArrayToVariant
 0001:000151A0       DynArrayVariantBounds
 0001:000151F8       DynArrayVarType
 0001:0002D878       EBase64
 0001:00022D8C       EConsts
 0001:000251F4       ECore
 0002:00002A04       EdgeStyle
 0002:000028CC       EdgeStyles
 0001:0008B0D8       EDOMParseError.Create
 0001:0002D6D0       EEncrypt
 0001:0000C2C4       EHeapException.FreeInstance
 0001:0002619C       EHook
 0001:00030CF4       ElaborateString
 0001:0002F0B8       ElaborateURL
 0001:00026268       ELang
 0001:00034C80       EListView
 0001:00033990       ELogManager
 0001:00006594       EmptyClipboard
 0001:00014058       EmptyCompare
 0002:00004800       EmptyParam
 0002:000000C4       EmptyStr
 0002:000000C8       EmptyWideStr
 0002:00000600       EMsgs
 0001:0000659C       EnableMenuItem
 0002:0000299C       Enables
 0001:000065A4       EnableScrollBar
 0001:000778F4       EnableTaskWindows
 0002:00005770       EnableThemeDialogTexture
 0002:0000578C       EnableTheming
 0001:000065AC       EnableWindow
 0001:00042AFC       Encode
 0001:0000A110       EncodeDate
 0002:00002178       EncodedChars
 0001:00009F70       EncodeTime
 0001:00044FD8       EncodeURL
 0001:0008D5BC       EncodingMatches
 0001:000065B4       EndDialog
 0001:000199E4       EndGlobalLoading
 0001:000065BC       EndPaint
 0001:0000380C       EndThread
 0001:00005F54       EnterCriticalSection
 0001:0000046C       EnterCriticalSection
 0001:00005F5C       EnumCalendarInfoA
 0002:00005670       EnumDisplayMonitors
 0001:0000BAE4       EnumEraNames
 0001:0000BB20       EnumEraYearOffsets
 0001:0007A9C4       EnumMonitorsProc
 0001:00005F64       EnumSystemLocales
 0001:000065C4       EnumThreadWindows
 0001:0001D34C       EnumValue
 0001:000065CC       EnumWindows
 0001:000376AC       EnumWindowsProc
 0001:00037624       EnumWindowsProc
 0001:000822A4       EOleException.Create
 0001:000821D4       EOleSysError.Create
 0001:000065D4       EqualRect
 0002:00004750       EraNames
 0001:0000B208       EraToYear
 0002:0000476C       EraYearOffsets
 0002:0000006C       errCaption
 0001:0001CB30       Error
 0001:00018F6C       Error
 0001:0000192C       Error
 0001:00043430       Error
 0001:000702FC       Error
 0002:00000004       ErrorAddr
 0001:000018E0       ErrorAt
 0001:0000C370       ErrorHandler
 0002:00000228       ErrorMap
 0002:00004008       ErrorProc
 0002:000043E8       ErrOutput
 0002:0000092C       EShowOptions
 0001:000277B4       ESockets
 0001:0002E1AC       ETarGZip
 0001:000218BC       ETypes
 0002:000005FC       EurekaLogCurrentVersion
 0002:00004E74       EurekaLogList
 0001:0003B764       EurekaLog_PasswordRequestEvent
 0002:000007AC       EVals
 0001:000302F8       EWebTools
 0001:00001880       ExceptAddr
 0002:0000400C       ExceptClsProc
 0001:0000C7E4       ExceptHandler
 0001:0000C0F0       Exception.Create
 0001:0000C12C       Exception.CreateFmt
 0001:0000C27C       Exception.CreateHelp
 0001:0000C1AC       Exception.CreateRes
 0001:0000C1E8       Exception.CreateResFmt
 0002:00004D38       ExceptionActionNotify
 0002:00004F2C       ExceptionAddressText
 0002:0000401C       ExceptionClass
 0002:00004D7C       ExceptionCriticalSection
 0001:0000BE7C       ExceptionErrorMessage
 0002:00004D3C       ExceptionErrorNotify
 0001:0004E834       ExceptionLog
 0001:0004CC3C       ExceptionManager
 0002:00004F28       ExceptionModuleText
 0002:00004F34       ExceptionMsgText
 0002:00004D34       ExceptionNotify
 0002:00004DB4       ExceptionNumber
 0002:00004EB0       ExceptionsTime
 0002:00004EB4       ExceptionTime
 0001:000395E8       ExceptionTypeByAddr
 0002:00004F30       ExceptionTypeText
 0002:00000260       ExceptMap
 0001:0004B4B4       ExceptNotify
 0001:00046130       ExceptNotifyAfter1
 0001:00046220       ExceptNotifyAfter2
 0001:00046234       ExceptNotifyAfter3
 0001:00001860       ExceptObject
 0002:00004010       ExceptObjProc
 0002:00004004       ExceptProc
 0001:0000632C       ExcludeClipRect
 0002:00000000       ExitCode
 0001:000035C4       ExitDll
 0002:00004048       ExitProc
 0001:00000320       ExitProcess
 0002:00004028       ExitProcessProc
 0002:0000013C       ExitProcList
 0001:00005F6C       ExitThread
 0001:00000318       ExitThread
 0001:000308A0       EXMLBuilder
 0001:00005F74       ExpandEnvironmentStrings
 0001:000088F8       ExpandFileName
 0001:000433FC       ExpandPath
 0001:0003BC5C       ExportedFunctions
 0001:00059A6C       ExtActns
 0001:0005967C       ExtCtrls
 0001:000598D8       ExtDlgs
 0001:0008CFCC       ExtractAttrValue
 0001:000087E4       ExtractFileDrive
 0001:000088B0       ExtractFileExt
 0001:00008878       ExtractFileName
 0001:000087B0       ExtractFilePath
 0001:00008934       ExtractFilePathNoDrive
 0001:0003A920       ExtractList
 0001:0008AA50       ExtractLocalName
 0001:0008AA90       ExtractPrefix
 0001:000089C0       ExtractRelativePath
 0001:0003A28C       ExtractStr
 0001:00023128       ExtractStringsEx
 0001:0003DB6C       ExtractThreadByList
 0001:00031CD0       ExtractValue
 0002:00002D20       ExtRestTypeMap
 0001:0002C994       EZLib
 0002:00004F40       fActive
 0002:000021BC       fActivePage
 0002:0000478C       FalseBoolStrs
 0002:00004F44       fCaptionFont
 0002:000057DC       FClipboard
 0002:00000170       FCon1E18
 0002:00004F38       fDlgBack
 0002:00004F4C       fFixedFont1
 0002:00004F50       fFixedFont2
 0001:00008518       FileAge
 0001:00008510       FileClose
 0001:00008478       FileCreate
 0001:00008454       FileCreate
 0001:00008BF8       FileDateToDateTime
 0001:00008580       FileExists
 0002:000024D0       FileFormats
 0002:0000000C       FileMode
 0001:00001DEC       FileNOPProc
 0001:000083FC       FileOpen
 0001:00008480       FileRead
 0002:000005A4       FilerSignature
 0001:000084D8       FileSeek
 0001:00005F7C       FileTimeToDosDateTime
 0001:00005F84       FileTimeToLocalFileTime
 0001:00005F8C       FileTimeToSystemTime
 0001:000084AC       FileWrite
 0001:00000D9C       FillAfterGap
 0001:0003B03C       FillAttachedList
 0001:00000D48       FillBeforeGap
 0001:00046F50       FilledInt
 0001:00000E34       FillerSizeAfterGap
 0001:00000DC4       FillerSizeBeforeGap
 0001:000065DC       FillRect
 0001:000596AC       Finalization
 0001:0008B124       Finalization
 0001:000596E4       Finalization
 0001:00059778       Finalization
 0001:00059634       Finalization
 0001:00058FBC       Finalization
 0001:00059848       Finalization
 0001:0009483C       Finalization
 0001:000598A8       Finalization
 0001:000589B0       Finalization
 0001:00006C80       Finalization
 0001:00058978       Finalization
 0001:000598F8       Finalization
 0001:00058940       Finalization
 0001:00059960       Finalization
 0001:000599C4       Finalization
 0001:00059A1C       Finalization
 0001:00058908       Finalization
 0001:000588D0       Finalization
 0001:00021748       Finalization
 0001:0002188C       Finalization
 0001:00059A74       Finalization
 0001:0008A580       Finalization
 0001:00059BAC       Finalization
 0001:0005A5EC       Finalization
 0001:0005B528       Finalization
 0001:00006FC0       Finalization
 0001:0005B690       Finalization
 0001:0000DF4C       Finalization
 0001:00022D1C       Finalization
 0001:0004E6BC       Finalization
 0001:0000E14C       Finalization
 0001:0005C314       Finalization
 0001:00058898       Finalization
 0001:00058860       Finalization
 0001:00058828       Finalization
 0001:000587B8       Finalization
 0001:00094804       Finalization
 0001:000943C4       Finalization
 0001:000251BC       Finalization
 0001:0002520C       Finalization
 0001:00057E34       Finalization
 0001:00093C98       Finalization
 0001:00083030       Finalization
 0001:00057C88       Finalization
 0001:000252AC       Finalization
 0001:0004EAC4       Finalization
 0001:00082DA8       Finalization
 0001:00005B30       Finalization
 0001:00005D60       Finalization
 0001:00005DD8       Finalization
 0001:00015A10       Finalization
 0001:00015C34       Finalization
 0001:00016F5C       Finalization
 0001:0001702C       Finalization
 0001:0008BDB0       Finalization
 0001:00081D10       Finalization
 0001:00081E40       Finalization
 0001:00057964       Finalization
 0001:00081E98       Finalization
 0001:00026164       Finalization
 0001:0008B470       Finalization
 0001:000758D8       Finalization
 0001:00034C50       Finalization
 0001:0005792C       Finalization
 0001:0006F35C       Finalization
 0001:000578E4       Finalization
 0001:00026238       Finalization
 0001:000568FC       Finalization
 0001:000568BC       Finalization
 0001:0002777C       Finalization
 0001:0005613C       Finalization
 0001:0002C964       Finalization
 0001:0002D6A0       Finalization
 0001:0002D848       Finalization
 0001:0002E17C       Finalization
 0001:0006DC54       Finalization
 0001:0006C924       Finalization
 0001:00030294       Finalization
 0001:00056048       Finalization
 0001:00055D90       Finalization
 0001:00055BB0       Finalization
 0001:0008BA10       Finalization
 0001:00030870       Finalization
 0001:0000E958       Finalization
 0001:00033960       Finalization
 0001:00004C10       FinalizeArray
 0001:000033DC       FinalizeUnits
 0001:0007407C       Find
 0001:00004FDC       FindBS
 0001:00019488       FindClass
 0001:00004F64       FindClassHInstance
 0001:00000330       FindClose
 0001:00005F94       FindClose
 0001:00008668       FindClose
 0001:00025CA4       FindCode
 0001:00000D18       FindCommitted
 0001:0005E340       FindControl
 0001:0006A798       FindControlAtPos
 0001:00015910       FindCustomVariantType
 0001:00015858       FindCustomVariantType
 0001:0005FD0C       FindDragTarget
 0001:00044DF4       FindEOFLine
 0001:0002F218       FindErrorMessage
 0001:000476FC       FindException
 0001:0001DD4C       FindExistingComponent
 0001:000085F4       FindFirst
 0001:00005F9C       FindFirstFile
 0001:00000338       FindFirstFile
 0001:0003A650       FindFunction
 0001:00019874       FindGlobalComponent
 0001:00077A38       FindGlobalComponent
 0002:00004864       FindGlobalComponentProcs
 0001:00004F3C       FindHInstance
 0001:0001971C       FindIdentToInt
 0001:0009314C       FindLocationHint
 0001:00008590       FindMatchingFile
 0001:00037B98       FindModuleType
 0002:000057C8       FindMsg
 0001:0001CEDC       FindNestedComponent
 0001:00008644       FindNext
 0001:00005FA4       FindNextFile
 0001:000702C4       FindPopupControl
 0001:0000E620       FindProc
 0001:00005FAC       FindResource
 0001:00004FB4       FindResourceHInstance
 0001:00081564       FindScanline
 0001:000335A8       FindSection
 0001:00077990       FindTopMostWindow
 0001:0001EC30       FindUniqueName
 0001:00014B94       FindVarData
 0001:0005FCD8       FindVCLWindow
 0001:000065E4       FindWindow
 0001:0005C0F4       FindWinHelp
 0002:00004F60       FixedFontName1
 0002:00004F64       FixedFontName2
 0002:00004F58       FixedFontSize
 0001:0005316C       FixupBitFields
 0002:00002A14       Flags
 0002:0000479C       FLanguages
 0001:00057CB8       FlatSB
 0002:0000569C       FlatSB_EnableScrollBar
 0002:000056A8       FlatSB_GetScrollInfo
 0002:000056AC       FlatSB_GetScrollPos
 0002:000056A4       FlatSB_GetScrollRange
 0002:000056B4       FlatSB_SetScrollInfo
 0002:000056B0       FlatSB_SetScrollPos
 0001:000579A8       FlatSB_SetScrollProp
 0002:000056B8       FlatSB_SetScrollRange
 0002:000056A0       FlatSB_ShowScrollBar
 0002:00004F54       fLinkFont
 0002:000050D8       fListViewItems
 0001:00009A34       FloatToDecimal
 0001:00009D74       FloatToStr
 0001:0000946C       FloatToText
 0001:00009740       FloatToTextFmt
 0001:00002050       Flush
 0001:00005FB4       FlushInstructionCache
 0002:00004F3C       fMemoBack
 0002:000050BC       fMonitor
 0002:000050C0       fMonitorInfo
 0002:00000184       FMSecsPerDay
 0001:00009368       FmtStr
 0002:00002A30       FocusCount
 0002:00002A2C       FocusMessages
 0002:000023EC       FontCharsets
 0002:00005634       FontManager
 0001:0004CB90       ForceApplicationTermination
 0001:00077A0C       ForegroundTask
 0002:00005974       Form1
 0002:0000018C       Format
 0001:00009354       Format
 0001:00008F5C       FormatBuf
 0001:00008F50       FormatClearStr
 0001:0004747C       FormatComplete
 0001:0000AF90       FormatDateTime
 0001:00008ED4       FormatError
 0002:00000168       FormatErrorStrs
 0001:00009DD4       FormatFloat
 0001:00005FBC       FormatMessage
 0001:00008F2C       FormatVarToStr
 0001:00081D6C       Forms
 0001:0000248C       FPower10
 0002:00002520       FPrinter
 0001:000065EC       FrameRect
 0001:0000DB2C       FreeAndNil
 0001:00000A84       FreeCommitted
 0001:00000FA4       FreeCurAlloc
 0001:0005FDCC       FreeDeviceContext
 0001:0005FE88       FreeDeviceContexts
 0001:00021514       FreeIntConstList
 0001:00005FC4       FreeLibrary
 0001:00000340       FreeLibrary
 0001:00052CC8       FreeMemoryContexts
 0001:00021648       FreeObjectInstance
 0001:00005FE4       FreeResource
 0001:000433C0       FreeScreenshot
 0001:00000704       FreeSpace
 0001:0000D698       FreeTerminateProcs
 0001:00057E6C       FreeThemeLibrary
 0002:00004E20       FreezeThread
 0002:0000583C       FRichEditModule
 0002:00004D20       FtpOpenFile
 0001:0002FDE0       FTPUploadFiles
 0001:000396E4       FunctionSize
 0002:00004F48       fVariableFont
 0001:00051780       GDICheck
 0001:000516D8       GDIError
 0001:000401F0       GeneralDialogProc
 0001:0004B8FC       GeneralRaise
 0001:00035800       GeneralToRTF
 0001:00038F0C       GenerateHTML
 0001:0002F2B8       GenerateMultipartBoundary
 0001:0002F3E8       GenerateRequestBody
 0001:00001CF8       Get8087CW
 0001:00005FEC       GetACP
 0001:000465B8       GetActiveControlClass
 0001:000465D0       GetActiveControlText
 0001:000464D8       GetActiveFormClass
 0001:00046524       GetActiveFormText
 0001:00042BD8       GetActiveMonitorData
 0001:000065F4       GetActiveWindow
 0001:0007F238       GetAnimation
 0001:00046D30       GetApplicationName
 0001:00006334       GetBitmapBits
 0001:00000484       GetBlockDesc
 0001:0000633C       GetBrushOrgEx
 0001:00006A80       GetBValue
 0001:0003CD0C       GetCallStackByAddresses
 0001:000065FC       GetCapture
 0001:0005E608       GetCaptureControl
 0001:00019434       GetClass
 0001:00006604       GetClassInfo
 0001:0000660C       GetClassName
 0001:00006614       GetClientRect
 0001:00006344       GetClipBox
 0001:00000420       GetCmdShow
 0001:0006DE24       GetColor
 0001:00034AD0       GetColumnAlign
 0001:00034AA4       GetColumnCount
 0001:00059B4C       GetComCtlVersion
 0001:00000348       GetCommandLine
 0001:00005FFC       GetCommandLine
 0001:000008D0       GetCommitted
 0001:00000960       GetCommittedAt
 0001:00046448       GetCompilationDate
 0001:00006004       GetComputerName
 0001:00065420       GetControlAtPos
 0001:0004B03C       GetControlClass
 0001:0004B094       GetControlText
 0001:0000A458       GetCount
 0001:00005FF4       GetCPInfo
 0001:00008C64       GetCurrentDir
 0001:00000350       GetCurrentDirectory
 0001:0000634C       GetCurrentObject
 0001:00006354       GetCurrentPositionEx
 0001:0000600C       GetCurrentProcess
 0001:00006014       GetCurrentProcessId
 0001:0004CC34       GetCurrentStackPointer
 0002:00005780       GetCurrentThemeName
 0001:0000601C       GetCurrentThread
 0001:00000410       GetCurrentThreadId
 0001:00006024       GetCurrentThreadId
 0001:000069F4       GetCurrentTime
 0001:0003669C       GetCurrentTopOfStack
 0001:0000661C       GetCursor
 0001:00081574       GetCursorHeightMargin
 0001:00006624       GetCursorPos
 0001:0000A484       GetDate
 0001:0000602C       GetDateFormat
 0001:0000B120       GetDateOrder
 0001:0000662C       GetDC
 0001:00006634       GetDCEx
 0001:0000635C       GetDCOrgEx
 0001:0003C7D4       GetDebugDetail
 0001:0003A6F8       GetDebugInfosByAddr
 0001:0003A438       GetDebugPartialInfo
 0001:000557C0       GetDefFontCharSet
 0001:0000663C       GetDesktopWindow
 0001:00006374       GetDeviceCaps
 0001:000407EC       GetDialogState
 0001:000526C8       GetDIB
 0001:00006364       GetDIBColorTable
 0001:0000636C       GetDIBits
 0001:00052610       GetDIBSizes
 0001:000518F0       GetDInColors
 0001:00006034       GetDiskFreeSpaceA
 0002:00000138       GetDiskFreeSpaceEx
 0001:00046AE8       GetDiskInfo
 0001:000470D8       GetDisplayMode
 0001:00006644       GetDlgItem
 0001:00026F20       GetDNSList
 0001:0006BA50       GetDockAlign
 0001:0005EFB0       GetDockSiteAtPos
 0001:0008AE58       GetDOM
 0001:000270EC       GetDomain
 0001:00027258       GetDomainName
 0001:0008ACB0       GetDOMNodeEx
 0001:0008AD88       GetDOMVendor
 0001:0005F2DC       GetDropCtl
 0001:0004830C       GetDump
 0001:00002B0C       GetDynaMethod
 0001:0004804C       GetEAX
 0001:000480A4       GetEBX
 0001:000480FC       GetECX
 0001:00048204       GetEDI
 0001:00048154       GetEDX
 0001:0003BA44       GetEF
 0001:000482B4       GetEIP
 0001:00048588       GetEmptySection
 0001:0001603C       GetEnumName
 0001:00016114       GetEnumNameValue
 0001:00016510       GetEnumProp
 0001:00016160       GetEnumValue
 0001:0000603C       GetEnvironmentVariable
 0001:0000BB98       GetEraNamesAndYearOffsets
 0001:0000B1B4       GetEraYearOffset
 0001:00017010       GetErrorInfo
 0001:000481AC       GetESI
 0001:0004825C       GetESP
 0001:00046844       GetExceptionAddress
 0001:0000C534       GetExceptionClass
 0001:0004682C       GetExceptionDate
 0001:0004693C       GetExceptionMessage
 0001:00046878       GetExceptionModule
 0001:0000C718       GetExceptionObject
 0001:000468CC       GetExceptionType
 0001:0003CDC0       GetExceptMessage
 0001:00006044       GetExitCodeProcess
 0001:0000604C       GetExitCodeThread
 0001:000193BC       GetFieldClassTable
 0001:00006054       GetFileAttributes
 0001:0002F37C       GetFileContents
 0001:000002C0       GetFileSize
 0001:000380C4       GetFileSize
 0001:0002FDA4       GetFileSize
 0001:000002B8       GetFileType
 0001:0000C988       GetFileVersion
 0001:00006284       GetFileVersionInfo
 0001:0000628C       GetFileVersionInfoSize
 0001:00016AA8       GetFloatProp
 0001:0000664C       GetFocus
 0001:000502B4       GetFontData
 0001:00006654       GetForegroundWindow
 0001:0000D250       GetFormatSettings
 0001:00046BD8       GetFreeDisk
 0001:00046A58       GetFreeMemory
 0001:0000605C       GetFullPathName
 0001:00023354       GetGMT
 0001:00006A7C       GetGValue
 0001:0004F820       GetHashCode
 0001:0007C7B0       GetHelpInfo
 0001:00056D7C       GetHelpSystem
 0001:0003C8C4       GetHInstance
 0001:0007F01C       GetHint
 0001:0007F054       GetHintControl
 0001:0002527C       gethostbyname
 0001:00025284       gethostname
 0001:00075778       GetHotkey
 0001:0002F6B4       GetHTTPResponse
 0001:0000665C       GetIconInfo
 0001:000828EC       GetIDsOfNames
 0001:00016E84       GetInt64Prop
 0001:00033A40       GetItemRect
 0001:0003F4B4       GetItemText
 0001:00006674       GetKeyboardLayout
 0001:0000667C       GetKeyboardLayoutList
 0001:00006684       GetKeyboardState
 0001:00002778       GetKeyboardType
 0001:00006664       GetKeyNameText
 0001:0000666C       GetKeyState
 0001:000467F8       GetLanguageString
 0001:0000668C       GetLastActivePopup
 0001:00069D18       GetLastChildZone
 0001:00000358       GetLastError
 0001:00006064       GetLastError
 0001:0000B95C       GetLocaleChar
 0001:000466CC       GetLocaleDataA
 0001:0004668C       GetLocaleDataW
 0001:00006074       GetLocaleInfo
 0001:00000360       GetLocaleInfo
 0001:0000607C       GetLocaleInfoA
 0001:00006084       GetLocaleInfoW
 0001:0000B910       GetLocaleStr
 0001:0000606C       GetLocalTime
 0001:0005E5C4       GetLongHint
 0001:00016750       GetLongStrProp
 0001:0003765C       GetMainWindow
 0001:0000637C       GetMapMode
 0001:0002D2C8       GetMD5Key
 0001:00006694       GetMenu
 0001:0007C738       GetMenuHelpContext
 0001:0000669C       GetMenuItemCount
 0001:000066A4       GetMenuItemID
 0001:000066AC       GetMenuItemInfo
 0001:000728C8       GetMenuSize
 0001:000066B4       GetMenuState
 0001:000066BC       GetMenuString
 0001:00022EC8       GetModifiedDate
 0001:00037E1C       GetModuleDescriptionAndVersion
 0001:0000608C       GetModuleFileName
 0001:00000368       GetModuleFileName
 0001:00006094       GetModuleHandle
 0001:00005C58       GetModuleHandle
 0001:00000370       GetModuleHandle
 0001:00037D5C       GetModulePath
 0001:000383F4       GetModulesList
 0001:00038264       GetModulesWin9X
 0001:00038100       GetModulesWinNT
 0002:00005664       GetMonitorInfo
 0002:00005668       GetMonitorInfoA
 0002:0000566C       GetMonitorInfoW
 0001:0000B9C0       GetMonthDayNames
 0001:00085978       GetMSNode
 0001:00027458       GetMXBestRecord
 0001:000273B8       GetMXRecord
 0001:00027548       GetMXServerFromEmail
 0001:00047178       GetNetworkData
 0001:000066C4       GetNextWindow
 0001:00006384       GetObject
 0001:00016440       GetOrdProp
 0001:00046644       GetOSBuild
 0001:00046820       GetOSLanguage
 0001:00036908       GetOSType
 0001:00046678       GetOSUpdate
 0001:0000638C       GetPaletteEntries
 0001:000463A4       GetParameters
 0001:00001AEC       GetParamStr
 0001:000066CC       GetParent
 0001:00077C04       GetParentForm
 0001:00006394       GetPixel
 0001:0000609C       GetPrivateProfileString
 0001:00000378       GetProcAddress
 0001:000060A4       GetProcAddress
 0001:00046DAC       GetProcessor
 0001:000066D4       GetProp
 0001:000161C4       GetPropInfo
 0001:00015DA4       GetPropInfo
 0001:00015D84       GetPropInfo
 0001:00016234       GetPropInfo
 0001:0001626C       GetPropInfos
 0001:00016368       GetPropList
 0001:0001640C       GetPropList
 0001:00015DC4       GetPropValue
 0001:00036580       GetReadableSize
 0001:0003AA44       GetRealFileName
 0001:000780C4       GetRealScrollPosition
 0001:00039798       GetResourceData
 0001:0006DE04       GetRGBColor
 0001:00006A78       GetRValue
 0001:000066DC       GetScrollInfo
 0001:000066E4       GetScrollPos
 0001:000066EC       GetScrollRange
 0001:00016534       GetSetProp
 0001:0005E580       GetShortHint
 0001:00016648       GetShortStrProp
 0001:000166E0       GetShortStrPropAsLongStr
 0001:00039A44       GetSourceInfoByAddr
 0001:00000628       GetSpace
 0001:0000068C       GetSpaceAt
 0001:00070354       GetSpecialName
 0001:000484F8       GetStack
 0001:00046D18       GetStartDate
 0001:00000380       GetStartupInfo
 0001:000060AC       GetStartupInfo
 0001:000002C8       GetStdHandle
 0001:000060B4       GetStdHandle
 0001:0000639C       GetStockObject
 0001:000060BC       GetStringTypeEx
 0001:00016880       GetStrProp
 0001:000066F4       GetSubMenu
 0001:0003A13C       GetSymbolAddr
 0001:000066FC       GetSysColor
 0001:00006704       GetSysColorBrush
 0001:000060C4       GetSystemDefaultLangID
 0001:000060CC       GetSystemInfo
 0001:0000670C       GetSystemMenu
 0001:00006714       GetSystemMetrics
 0002:00005654       GetSystemMetrics
 0001:000063A4       GetSystemPaletteEntries
 0001:000060D4       GetSystemTime
 0001:00046FA0       GetSystemUpTime
 0001:000060DC       GetTempPath
 0001:000063AC       GetTextExtentPoint32
 0001:000063B4       GetTextMetrics
 0002:00005778       GetThemeAppProperties
 0002:000056E4       GetThemeBackgroundContentRect
 0002:000056E8       GetThemeBackgroundExtent
 0002:000056F8       GetThemeBackgroundRegion
 0002:0000571C       GetThemeBool
 0002:00005710       GetThemeColor
 0002:00005784       GetThemeDocumentationProperty
 0002:00005724       GetThemeEnumValue
 0002:00005744       GetThemeFilename
 0002:0000572C       GetThemeFont
 0002:00005720       GetThemeInt
 0002:00005738       GetThemeIntList
 0002:00005734       GetThemeMargins
 0002:00005714       GetThemeMetric
 0002:000056EC       GetThemePartSize
 0002:00005728       GetThemePosition
 0002:0000573C       GetThemePropertyOrigin
 0002:00005730       GetThemeRect
 0002:00005718       GetThemeString
 0002:00005750       GetThemeSysBool
 0002:00005748       GetThemeSysColor
 0002:0000574C       GetThemeSysColorBrush
 0002:00005758       GetThemeSysFont
 0002:00005760       GetThemeSysInt
 0002:00005754       GetThemeSysSize
 0002:0000575C       GetThemeSysString
 0002:000056F0       GetThemeTextExtent
 0002:000056F4       GetThemeTextMetrics
 0001:000060E4       GetThreadContext
 0001:0003DC04       GetThreadData
 0001:000060EC       GetThreadLocale
 0001:00000388       GetThreadLocale
 0001:0004B7DC       GetThreadParams
 0001:000060F4       GetThreadPriority
 0001:000060FC       GetTickCount
 0001:0000A4BC       GetTime
 0001:00005C84       GetTlsSize
 0001:0007F7E8       GetTopMostWindows
 0001:0005E710       GetTopParent
 0001:0000671C       GetTopWindow
 0001:00046C78       GetTotalDisk
 0001:000469C8       GetTotalMemory
 0001:00016030       GetTypeData
 0001:0002DED4       GetUnixGMTFileTime
 0001:00005EDC       GetUserName
 0001:00014CE4       GetVarDataArrayInfo
 0001:00016DCC       GetVariantProp
 0001:00000418       GetVersion
 0001:00006104       GetVersion
 0001:0000610C       GetVersionEx
 0001:000465E8       GetVersionNumber
 0001:0002560C       GetVirtualMethod
 0001:000168EC       GetWideStrProp
 0001:000167D0       GetWideStrPropAsLongStr
 0001:00006724       GetWindow
 0001:0000672C       GetWindowDC
 0001:00006734       GetWindowLong
 0001:000063BC       GetWindowOrgEx
 0001:0000673C       GetWindowPlacement
 0001:00006744       GetWindowRect
 0001:0000674C       GetWindowText
 0002:0000576C       GetWindowTheme
 0001:00006754       GetWindowThreadProcessId
 0001:0000675C       GetWindowThreadProcessId
 0001:00006114       GlobalAddAtom
 0001:0000611C       GlobalAlloc
 0001:00006A10       GlobalAllocPtr
 0001:00006124       GlobalDeleteAtom
 0001:0000612C       GlobalFindAtom
 0002:00004868       GlobalFixupList
 0001:0001D024       GlobalFixupReferences
 0001:00006134       GlobalFree
 0001:00006A3C       GlobalFreePtr
 0001:00006144       GlobalHandle
 0001:0000613C       GlobalLock
 0001:0000614C       GlobalMemoryStatus
 0002:0000484C       GlobalNameSpace
 0001:00006154       GlobalReAlloc
 0001:00006A20       GlobalReAllocPtr
 0002:00005174       GlobalSendValues
 0001:0000615C       GlobalUnlock
 0002:00004F10       Global_AttachedFiles
 0002:00004EE4       Global_CriticalSection
 0002:00004EFC       Global_CurrentEvent
 0002:00004F08       Global_CustomData
 0002:00004EC8       Global_ExceptionRecord
 0002:00004EC4       Global_Execute
 0002:00004F14       Global_FieldsName
 0002:00004F18       Global_FieldsValue
 0002:00004EC5       Global_Handled
 0002:00004F0C       Global_HModule
 0002:00004F1C       Global_IntraWebText
 0002:00004F04       Global_LastInitPassword
 0002:00004F00       Global_Password
 0002:00004EC6       Global_Retry
 0002:00004F20       Global_WebTextID
 0001:0004B854       GoNotify
 0001:00055C84       Graphics
 0001:000195B0       GroupDescendentsWith
 0002:0000056C       GUID_NULL
 0001:0004D7BC       HandleAnyExceptionAddr
 0002:00004DB8       HandleAnyExceptionAddr_Variable
 0001:0004D860       HandleAutoExceptionAddr
 0002:00004DC0       HandleAutoExceptionAddr_Variable
 0001:0003452C       HandleBackgroundState
 0001:0000F4F4       HandleConversionException
 0001:0007C9B8       HandleEdge
 0001:0001E488       HandleException
 0001:0004D808       HandleOnExceptionAddr
 0002:00004DBC       HandleOnExceptionAddr_Variable
 0001:00081FF8       HandleSafeCallException
 0002:00000028       HeapAllocFlags
 0002:000045C8       heapErrorCode
 0002:000045CC       heapLock
 0001:00057924       HelpIntfs
 0002:00005690       HelpManager
 0002:000057C4       HelpMsg
 0002:00005860       HelpViewer
 0002:00005864       HelpViewerIntf
 0002:00000134       HexDisplayPrefix
 0001:0006BACC       HideZone
 0002:00004668       HInstance
 0002:0000591C       HintDoneEvent
 0001:0007F124       HintGetMsgHook
 0002:00005920       HintHook
 0001:0007F0C8       HintMouseThread
 0002:00005924       HintThread
 0002:00005918       HintThreadID
 0001:0007F074       HintTimerProc
 0002:00002A24       HintWindowClass
 0002:000056FC       HitTestThemeBackground
 0001:000069F0       HiWord
 0001:0003B958       HookBPLProcedure
 0001:00025D68       HookDllProcedure
 0001:0004C054       HookedCreateThread
 0001:0004BB14       HookedExceptionObject
 0001:0004BCB0       HookedExceptProc
 0001:0004C448       HookedExitThread
 0001:0004C4E8       HookedHttpExtensionProc
 0002:000048B8       HookedMethodsList
 0001:0004BA98       HookedRaise
 0001:0004C284       HookedResumeThread
 0001:0004BE10       HookedRTLThreadProc
 0001:0004BBF8       HookedRtlUnwind
 0001:0004BCF8       HookedThreadExecute
 0001:0004BF30       HookedThreadProc
 0001:0004C4B4       HookedWriteClientProc
 0001:0004BC20       HookedWriteFile
 0001:0004CD88       Hooked_CGIHandleServerException
 0001:0004CF48       Hooked_CLXHandleException
 0001:0004CFB0       Hooked_CLXShowException
 0001:0004D320       Hooked_IndyThreadHandleException
 0001:0004D038       Hooked_IntraWebHandleException
 0001:0004D134       Hooked_IntraWebSendResponse
 0001:0004CDF0       Hooked_ISAPIHandleServerException
 0001:0004D260       Hooked_NTServiceLogMessage
 0001:0004CE58       Hooked_VCLHandleException
 0001:0004CEC0       Hooked_VCLShowException
 0001:00025CEC       HookFunction
 0001:0007F168       HookHintHooks
 0001:0004DEE0       HookingModuleName
 0001:0004DF04       HookingRTLModuleName
 0001:0004D8DC       HookLastFInit
 0001:0004D8C0       HookLastInit
 0001:000259A8       HookProcedureEx
 0001:0003B8B4       HookSymbolProcedure
 0001:0002567C       HookVirtualMethod
 0001:0004D8EC       Hook_InitializationAndFinalization
 0001:0004DA84       Hook_OnExceptionEvents
 0001:00043F7C       HostName
 0001:00025254       htons
 0002:00004D00       HttpAddRequestHeaders
 0002:00004D10       HttpEndRequest
 0002:00004CFC       HttpOpenRequest
 0002:00004D14       HttpQueryInfo
 0002:00004D04       HttpSendRequest
 0002:00004D08       HttpSendRequestEx
 0001:0002F7E8       HTTPUploadFiles
 0001:00006B88       HwndMSWheel
 0002:000029B8       IBreaks
 0002:000029C4       IChecks
 0002:00002218       IDATHeader
 0001:00042AB4       IDATWrite
 0002:000029CC       IDefaults
 0001:000502A4       IdentToCharset
 0001:0005009C       IdentToColor
 0001:0005E570       IdentToCursor
 0001:00019798       IdentToInt
 0002:000029D4       IEnables
 0001:000353E0       ifelseStr
 0001:0007366C       IfHotkeyAvailable
 0001:00035458       ifStr
 0002:000058F4       ImageListWriteExProc
 0001:00056098       ImageList_Add
 0001:00033CF8       ImageList_Add
 0001:000560B8       ImageList_AddIcon
 0001:000560DC       ImageList_BeginDrag
 0001:00056080       ImageList_Create
 0001:00033CF0       ImageList_Create
 0001:00056088       ImageList_Destroy
 0001:00033D00       ImageList_Destroy
 0001:000560EC       ImageList_DragEnter
 0001:000560F4       ImageList_DragLeave
 0001:000560FC       ImageList_DragMove
 0001:0005610C       ImageList_DragShowNolock
 0001:000560C4       ImageList_Draw
 0001:000560CC       ImageList_DrawEx
 0001:000560E4       ImageList_EndDrag
 0001:000560B0       ImageList_GetBkColor
 0001:00056114       ImageList_GetDragImage
 0001:0005612C       ImageList_GetIconSize
 0001:00056090       ImageList_GetImageCount
 0001:0005611C       ImageList_Read
 0001:000560D4       ImageList_Remove
 0001:000560A0       ImageList_ReplaceIcon
 0001:000560A8       ImageList_SetBkColor
 0001:00056104       ImageList_SetDragCursorImage
 0001:00056134       ImageList_SetIconSize
 0001:00056124       ImageList_Write
 0002:00002928       Images
 0001:0006F38C       ImgList
 0001:0005692C       Imm
 0002:0000290C       IMM32DLL
 0001:0006C6BC       Imm32IsIME
 0002:00000188       IMSecsPerDay
 0002:00004E94       InactiveThreads
 0001:0000F5E0       InBounds
 0001:0000F880       InBounds
 0001:00024EC0       IncludeLastBackslash
 0001:0000F610       Increment
 0001:0000F8B0       Increment
 0002:00004DE8       IndyThread_HandleException
 0001:000294A4       inflate
 0001:0002A344       inflateEnd
 0001:000278F8       InflateInit
 0001:00029370       inflateInit_
 0001:00006764       InflateRect
 0001:00029244       inflateReset
 0001:00059940       IniFiles
 0001:000251AC       Init
 0001:0002776C       Init
 0001:00026090       Init
 0001:0004DF10       Init
 0001:00000B10       InitAllocator
 0001:00056174       InitAnApi
 0002:0000567C       InitApis
 0001:0004D590       InitCheckFreeze
 0001:00082D30       InitComObj
 0001:00019A40       InitComponent
 0002:00004638       InitContext
 0001:0006C758       InitControls
 0001:00055804       InitDefFontData
 0001:000429B8       InitDeflate
 0001:0000D6B8       InitDriveSpacePtr
 0001:0000C7F4       InitExceptions
 0001:00057A04       InitFlatSB
 0001:00058E68       InitGlobals
 0001:000524C8       InitializeBitmapInfoHeader
 0001:00006164       InitializeCriticalSection
[...]
 0002:00004028       ExitProcessProc
 0002:0000402C       AbstractErrorProc
 0002:00004030       MainInstance
 0002:00004034       MainThreadID
 0002:00004038       IsLibrary
 0002:0000403C       CmdShow
 0002:00004040       CmdLine
 0002:00004044       InitProc
 0002:00004048       ExitProc
 0002:0000404C       IsConsole
 0002:0000404D       IsMultiThread
 0002:0000404E       Test8086
 0002:00004050       Input
 0002:0000421C       Output
 0002:000043E8       ErrOutput
 0002:000045B4       AllocMemCount
 0002:000045B8       AllocMemSize
 0002:000045BC       .5
 0002:000045C0       DefaultUserCodePage
 0002:000045C4       initialized
 0002:000045C8       heapErrorCode
 0002:000045CC       heapLock
 0002:000045E4       blockDescBlockList
 0002:000045E8       blockDescFreeList
 0002:000045EC       spaceRoot
 0002:000045FC       decommittedRoot
 0002:0000460C       avail
 0002:00004618       rover
 0002:0000461C       remBytes
 0002:00004620       curAlloc
 0002:00004624       smallTab
 0002:00004628       committedRoot
 0002:00004638       InitContext
 0002:00004664       ModuleIsLib
 0002:00004665       ModuleIsCpp
 0002:00004668       HInstance
 0002:0000466C       .1
 0002:00004670       tlsBuffer
 0002:00004674       .1
 0002:00004678       .3
 0002:0000467C       .1
 0002:00004680       CurrencyString
 0002:00004684       CurrencyFormat
 0002:00004685       NegCurrFormat
 0002:00004686       ThousandSeparator
 0002:00004687       DecimalSeparator
 0002:00004688       CurrencyDecimals
 0002:00004689       DateSeparator
 0002:0000468C       ShortDateFormat
 0002:00004690       LongDateFormat
 0002:00004694       TimeSeparator
 0002:00004698       TimeAMString
 0002:0000469C       TimePMString
 0002:000046A0       ShortTimeFormat
 0002:000046A4       LongTimeFormat
 0002:000046A8       ShortMonthNames
 0002:000046D8       LongMonthNames
 0002:00004708       ShortDayNames
 0002:00004724       LongDayNames
 0002:00004740       SysLocale
 0002:0000474E       ListSeparator
 0002:00004750       EraNames
 0002:0000476C       EraYearOffsets
 0002:00004788       TrueBoolStrs
 0002:0000478C       FalseBoolStrs
 0002:00004790       .35
 0002:00004794       OutOfMemory
 0002:00004798       InvalidPointer
 0002:0000479C       FLanguages
 0002:000047A0       .1
 0002:000047A4       VariantChangeTypeEx
 0002:000047A8       VarNeg
 0002:000047AC       VarNot
 0002:000047B0       VarAdd
 0002:000047B4       VarSub
 0002:000047B8       VarMul
 0002:000047BC       VarDiv
 0002:000047C0       VarIDiv
 0002:000047C4       VarMod
 0002:000047C8       VarAnd
 0002:000047CC       VarOr
 0002:000047D0       VarXor
 0002:000047D4       VarCmp
 0002:000047D8       VarI4FromStr
 0002:000047DC       VarR4FromStr
 0002:000047E0       VarR8FromStr
 0002:000047E4       VarDateFromStr
 0002:000047E8       VarCyFromStr
 0002:000047EC       VarBoolFromStr
 0002:000047F0       VarBstrFromCy
 0002:000047F4       VarBstrFromDate
 0002:000047F8       VarBstrFromBool
 0002:000047FC       .5
 0002:00004800       EmptyParam
 0002:00004810       VarDispProc
 0002:00004814       ClearAnyProc
 0002:00004818       ChangeAnyProc
 0002:0000481C       RefAnyProc
 0002:00004820       .81
 0002:00004824       LVarTypes
 0002:00004828       LVarTypeSync
 0002:00004840       .1
 0002:00004844       .6
 0002:00004848       .3
 0002:0000484C       GlobalNameSpace
 0002:00004850       IsUniqueGlobalComponentNameProc
 0002:00004854       SyncEvent
 0002:00004858       .45
 0002:0000485C       IntConstList
 0002:00004860       RegGroups
 0002:00004864       FindGlobalComponentProcs
 0002:00004868       GlobalFixupList
 0002:0000486C       ThreadLock
 0002:00004884       ThreadCount
 0002:00004888       InstBlockList
 0002:0000488C       InstFreeList
 0002:00004890       .1
 0002:00004894       .4
 0002:00004898       LastEurekaVersion
 0002:0000489C       .2
 0002:000048A0       InternalIntoIDE
 0002:000048A4       .1
 0002:000048A8       .1
 0002:000048AC       .1
 0002:000048B0       ProcedureList
 0002:000048B4       DllList
 0002:000048B8       HookedMethodsList
 0002:000048BC       .1
 0002:000048C0       .4
 0002:000048C4       .2
 0002:000048C8       .1
 0002:000048CC       CV
 0002:000048D4       KeyData
 0002:000048E4       .1
 0002:000048E8       .3
 0002:000048EC       crc_table
 0002:00004CEC       .1
 0002:00004CF0       NetLib
 0002:00004CF4       InternetOpen
 0002:00004CF8       InternetConnect
 0002:00004CFC       HttpOpenRequest
 0002:00004D00       HttpAddRequestHeaders
 0002:00004D04       HttpSendRequest
 0002:00004D08       HttpSendRequestEx
 0002:00004D0C       InternetWriteFile
 0002:00004D10       HttpEndRequest
 0002:00004D14       HttpQueryInfo
 0002:00004D18       InternetCloseHandle
 0002:00004D1C       InternetSetOption
 0002:00004D20       FtpOpenFile
 0002:00004D24       InternetGetLastResponseInfo
 0002:00004D28       .3
 0002:00004D2C       .3
 0002:00004D30       .2
 0002:00004D34       ExceptionNotify
 0002:00004D38       ExceptionActionNotify
 0002:00004D3C       ExceptionErrorNotify
 0002:00004D40       PasswordRequest
 0002:00004D44       CustomDataRequest
 0002:00004D48       AttachedFilesRequest
 0002:00004D4C       CustomFieldsRequest
 0002:00004D50       .7
 0002:00004D54       Kernel_RaiseException
 0002:00004D58       Kernel_RtlUnwind
 0002:00004D5C       Kernel_CreateThread
 0002:00004D60       Kernel_ResumeThread
 0002:00004D64       Kernel_ExitThread
 0002:00004D68       Kernel_WriteFile
 0002:00004D6C       ISAPI_HttpExtensionProc
 0002:00004D70       ISAPI_WriteClientProc
 0002:00004D74       ISAPI_Proc
 0002:00004D78       ServerECB
 0002:00004D7C       ExceptionCriticalSection
 0002:00004D94       OldExceptProc
 0002:00004D98       ThreadsList
 0002:00004D9C       StartingDate
 0002:00004DA4       OldExceptObjProc
 0002:00004DA8       CurrentOptions
 0002:00004DAC       CGIOutputFile
 0002:00004DB0       LanguageStr
 0002:00004DB4       ExceptionNumber
 0002:00004DB8       HandleAnyExceptionAddr_Variable
 0002:00004DBC       HandleOnExceptionAddr_Variable
 0002:00004DC0       HandleAutoExceptionAddr_Variable
 0002:00004DC4       TerminateApplication
 0002:00004DC8       LastInitializationPtr
 0002:00004DCC       LastFinalizationPtr
 0002:00004DD0       IntraWeb_HandleException
 0002:00004DD4       IntraWeb_ShowMessage
 0002:00004DD8       IntraWeb_SendResponse
 0002:00004DDC       VCLHandleException
 0002:00004DE0       VCLShowException
 0002:00004DE4       NTService_LogMessage
 0002:00004DE8       IndyThread_HandleException
 0002:00004DEC       CGIHandleException
 0002:00004DF0       ISAPIHandleException
 0002:00004DF4       CLXHandleException
 0002:00004DF8       CLXShowException
 0002:00004DFC       LastHTMLPage
 0002:00004E00       LastInitPointer
 0002:00004E04       IntoInitialization
 0002:00004E05       IntoFinalization
 0002:00004E08       OriginalThreadProc
 0002:00004E0C       IntraWebApplication
 0002:00004E10       IntraWebServerController
 0002:00004E14       CurrentGeneralErrorText
 0002:00004E18       CurrentCPUErrorText
 0002:00004E1C       OnlySafeCallExceptions
 0002:00004E1D       CanHookLibraries
 0002:00004E20       FreezeThread
 0002:00004E24       MainThreadHandle
 0002:00004E28       MainThreadTopOfStack
 0002:00004E2C       LastExceptAddr
 0002:00004E30       RaisedExceptAddr
 0002:00004E34       LastExceptThreadID
 0002:00004E38       LastExceptObject
 0002:00004E3C       LastDelphiException
 0002:00004E40       LastExceptMessage
 0002:00004E44       CustomExceptMessage
 0002:00004E48       LastExceptionRecord
 0002:00004E4C       LastExceptionLog
 0002:00004E50       LastLog
 0002:00004E54       CanSendEmail_Show
 0002:00004E55       CanAttachScreenshot_Show
 0002:00004E56       CanCopy_Show
 0002:00004E57       CanSupport_Show
 0002:00004E58       CanSendMessage
 0002:00004E59       CanAttachScreenshot
 0002:00004E5A       CanCopy
 0002:00004E5B       DuplicatedException
 0002:00004E5C       StartDir
 0002:00004E60       SynchronizeExcept
 0002:00004E64       SynchronizeRaise
 0002:00004E68       ThreadWrapperAddr
 0002:00004E6C       InternalErrorCode
 0002:00004E70       InternalErrorMsg
 0002:00004E74       EurekaLogList
 0002:00004E78       CurrentRequestValue
 0002:00004E7C       ThreadsCriticalSection
 0002:00004E94       InactiveThreads
 0002:00004E98       ActivateEurekaLog
 0002:00004E99       NotLoadDebugInfo
 0002:00004E9C       ModuleInfoHandle
 0002:00004EA0       ModuleInfoData
 0002:00004EA4       AutoCloseTimer
 0002:00004EA8       CurrentDialog
 0002:00004EAC       UseTopMost
 0002:00004EB0       ExceptionsTime
 0002:00004EB4       ExceptionTime
 0002:00004EBC       DbgSection
 0002:00004EC0       CurrentProcessWindowsList
 0002:00004EC4       Global_Execute
 0002:00004EC5       Global_Handled
 0002:00004EC6       Global_Retry
 0002:00004EC8       Global_ExceptionRecord
 0002:00004EE4       Global_CriticalSection
 0002:00004EFC       Global_CurrentEvent
 0002:00004F00       Global_Password
 0002:00004F04       Global_LastInitPassword
 0002:00004F08       Global_CustomData
 0002:00004F0C       Global_HModule
 0002:00004F10       Global_AttachedFiles
 0002:00004F14       Global_FieldsName
 0002:00004F18       Global_FieldsValue
 0002:00004F1C       Global_IntraWebText
 0002:00004F20       Global_WebTextID
 0002:00004F24       Cached_LogFile
 0002:00004F28       ExceptionModuleText
 0002:00004F2C       ExceptionAddressText
 0002:00004F30       ExceptionTypeText
 0002:00004F34       ExceptionMsgText
 0002:00004F38       fDlgBack
 0002:00004F3C       fMemoBack
 0002:00004F40       fActive
 0002:00004F44       fCaptionFont
 0002:00004F48       fVariableFont
 0002:00004F4C       fFixedFont1
 0002:00004F50       fFixedFont2
 0002:00004F54       fLinkFont
 0002:00004F58       FixedFontSize
 0002:00004F5C       CaptionFontName
 0002:00004F60       FixedFontName1
 0002:00004F64       FixedFontName2
 0002:00004F68       NonClientMetrics
 0002:000050BC       fMonitor
 0002:000050C0       fMonitorInfo
 0002:000050D8       fListViewItems
 0002:000050DC       rSupport
 0002:000050EC       SupportLinkActive
 0002:000050F0       OriginalWidth
 0002:000050F4       OriginalHeight
 0002:000050F8       RealLeft
 0002:000050FC       RealTop
 0002:00005100       RealWidth
 0002:00005104       RealHeight
 0002:00005108       ListWidth
 0002:0000510C       ListHeight
 0002:00005110       TextWidth
 0002:00005114       LeftButton
 0002:00005118       TopButton
 0002:0000511C       WindowState
 0002:00005120       ColWidths
 0002:00005160       DetailsActive
 0002:00005164       MainDialog
 0002:00005168       IsDialogShowed
 0002:0000516C       DialogHeight
 0002:00005170       CAPTION_HEIGHT
 0002:00005174       GlobalSendValues
 0002:0000518C       SavedLastHTMLPage
 0002:00005190       PNG_ColoursCount
 0002:00005194       PNG_RowBytes
 0002:00005198       PNG_DataSize
 0002:0000519C       PNG_ImgData
 0002:000051A0       PNG_Data
 0002:000051A4       PNG_HeaderData
 0002:000051B4       PNG_Encode_Filter
 0002:000051B8       PNG_Encode_Data
 0002:000051BC       PNG_CRCList
 0002:000055BC       PNG_pal
 0002:000055C0       PNG_UsePal
 0002:000055C4       PNG_HWindow
 0002:000055C8       PNG_FocusWnd
 0002:000055CC       PNG_Cursor
 0002:000055D0       PNG_DCScreen
 0002:000055D4       PNG_DCCompatible
 0002:000055D8       PNG_Bitmap
 0002:000055DC       PNG_Width
 0002:000055E0       PNG_Height
 0002:000055E4       .1
 0002:000055E8       SystemPalette16
 0002:000055EC       .12
 0002:000055F0       ScreenLogPixels
 0002:000055F4       StockPen
 0002:000055F8       StockBrush
 0002:000055FC       StockFont
 0002:00005600       StockIcon
 0002:00005604       BitmapImageLock
 0002:0000561C       CounterLock
 0002:00005634       FontManager
 0002:00005638       PenManager
 0002:0000563C       BrushManager
 0002:00005640       CanvasList
 0002:00005644       PatternManager
 0002:00005648       .2
 0002:0000564C       .21
 0002:00005650       .1
 0002:00005654       GetSystemMetrics
 0002:00005658       MonitorFromWindow
 0002:0000565C       MonitorFromRect
 0002:00005660       MonitorFromPoint
 0002:00005664       GetMonitorInfo
 0002:00005668       GetMonitorInfoA
 0002:0000566C       GetMonitorInfoW
 0002:00005670       EnumDisplayMonitors
 0002:00005674       .1
 0002:00005678       User32Dll
 0002:0000567C       InitApis
 0002:00005684       MMAvailable
 0002:00005688       .1
 0002:0000568C       .2
 0002:00005690       HelpManager
 0002:00005694       .3
 0002:00005698       .3
 0002:0000569C       FlatSB_EnableScrollBar
 0002:000056A0       FlatSB_ShowScrollBar
 0002:000056A4       FlatSB_GetScrollRange
 0002:000056A8       FlatSB_GetScrollInfo
 0002:000056AC       FlatSB_GetScrollPos
 0002:000056B0       FlatSB_SetScrollPos
 0002:000056B4       FlatSB_SetScrollInfo
 0002:000056B8       FlatSB_SetScrollRange
 0002:000056BC       .1
 0002:000056C0       _FlatSB_GetScrollProp
 0002:000056C4       _FlatSB_SetScrollProp
 0002:000056C8       _InitializeFlatSB
 0002:000056CC       _UninitializeFlatSB
 0002:000056D0       .6
 0002:000056D4       OpenThemeData
 0002:000056D8       CloseThemeData
 0002:000056DC       DrawThemeBackground
 0002:000056E0       DrawThemeText
 0002:000056E4       GetThemeBackgroundContentRect
 0002:000056E8       GetThemeBackgroundExtent
 0002:000056EC       GetThemePartSize
 0002:000056F0       GetThemeTextExtent
 0002:000056F4       GetThemeTextMetrics
 0002:000056F8       GetThemeBackgroundRegion
 0002:000056FC       HitTestThemeBackground
 0002:00005700       DrawThemeEdge
 0002:00005704       DrawThemeIcon
 0002:00005708       IsThemePartDefined
 0002:0000570C       IsThemeBackgroundPartiallyTransparent
 0002:00005710       GetThemeColor
 0002:00005714       GetThemeMetric
 0002:00005718       GetThemeString
 0002:0000571C       GetThemeBool
 0002:00005720       GetThemeInt
 0002:00005724       GetThemeEnumValue
 0002:00005728       GetThemePosition
 0002:0000572C       GetThemeFont
 0002:00005730       GetThemeRect
 0002:00005734       GetThemeMargins
 0002:00005738       GetThemeIntList
 0002:0000573C       GetThemePropertyOrigin
 0002:00005740       SetWindowTheme
 0002:00005744       GetThemeFilename
 0002:00005748       GetThemeSysColor
 0002:0000574C       GetThemeSysColorBrush
 0002:00005750       GetThemeSysBool
 0002:00005754       GetThemeSysSize
 0002:00005758       GetThemeSysFont
 0002:0000575C       GetThemeSysString
 0002:00005760       GetThemeSysInt
 0002:00005764       IsThemeActive
 0002:00005768       IsAppThemed
 0002:0000576C       GetWindowTheme
 0002:00005770       EnableThemeDialogTexture
 0002:00005774       IsThemeDialogTextureEnabled
 0002:00005778       GetThemeAppProperties
 0002:0000577C       SetThemeAppProperties
 0002:00005780       GetCurrentThemeName
 0002:00005784       GetThemeDocumentationProperty
 0002:00005788       DrawThemeParentBackground
 0002:0000578C       EnableTheming
 0002:00005790       .1
 0002:00005794       ThemeLibrary
 0002:00005798       ReferenceCount
 0002:0000579C       Lock
 0002:000057A0       .1
 0002:000057A4       .4
 0002:000057A8       .1
 0002:000057AC       .1
 0002:000057B0       .1
 0002:000057B4       .1
 0002:000057B8       .1
 0002:000057BC       .1
 0002:000057C0       .11
 0002:000057C4       HelpMsg
 0002:000057C8       FindMsg
 0002:000057CC       .12
 0002:000057D0       .1
 0002:000057D4       CF_PICTURE
 0002:000057D6       CF_COMPONENT
 0002:000057D8       .2
 0002:000057DC       FClipboard
 0002:000057E0       .1
 0002:000057E4       .4
 0002:000057E8       BitBtnGlyphs
 0002:00005814       .3
 0002:00005818       .8
 0002:0000581C       .5
 0002:00005820       .1
 0002:00005824       .72
 0002:00005828       UrlMonHandle
 0002:0000582C       UrlMonInitialized
 0002:00005830       .8
 0002:00005834       .36
 0002:00005838       ShellModule
 0002:0000583C       FRichEditModule
 0002:00005840       ComCtlVersion
 0002:00005844       .2
 0002:00005848       InternalServices
 0002:0000584C       .42
 0002:00005850       .73
 0002:00005854       WinHelpTester
 0002:00005858       ViewerName
 0002:0000585C       .1
 0002:00005860       HelpViewer
 0002:00005864       HelpViewerIntf
 0002:00005868       Mouse
 0002:0000586C       NewStyleControls
 0002:00005870       .72
 0002:00005874       WindowAtom
 0002:00005876       ControlAtom
 0002:00005878       WindowAtomString
 0002:0000587C       ControlAtomString
 0002:00005880       RM_GetObjectInstance
 0002:00005884       DragControl
 0002:00005888       DragObject
 0002:0000588C       DragInternalObject
 0002:00005890       DragCapture
 0002:00005894       DragStartPos
 0002:0000589C       DragSaveCursor
 0002:000058A0       DragThreshold
 0002:000058A4       ActiveDrag
 0002:000058A8       DragImageList
 0002:000058AC       DockSiteList
 0002:000058B0       QualifyingSites
 0002:000058B4       DragSave
 0002:000058B8       CanvasList
 0002:000058BC       _WINNLSEnableIME
 0002:000058C0       _ImmGetContext
 0002:000058C4       _ImmReleaseContext
 0002:000058C8       _ImmGetConversionStatus
 0002:000058CC       _ImmSetConversionStatus
 0002:000058D0       _ImmSetOpenStatus
 0002:000058D4       _ImmSetCompositionWindow
 0002:000058D8       _ImmSetCompositionFont
 0002:000058DC       _ImmGetCompositionString
 0002:000058E0       _ImmIsIME
 0002:000058E4       _ImmNotifyIME
 0002:000058E8       .8
 0002:000058EC       .3
 0002:000058F0       CachedComCtrlVer
 0002:000058F4       ImageListWriteExProc
 0002:000058F8       PopupList
 0002:000058FC       ShortCutItems
 0002:00005900       .9
 0002:00005904       CommandPool
 0002:00005908       Application
 0002:0000590C       Screen
 0002:00005910       .41
 0002:00005914       RM_TaskbarCreated
 0002:00005918       HintThreadID
 0002:0000591C       HintDoneEvent
 0002:00005920       HintHook
 0002:00005924       HintThread
 0002:00005928       .1
 0002:0000592C       .1
 0002:00005930       .41
 0002:00005934       OleUninitializing
 0002:00005938       ComClassManagerVar
 0002:0000593C       SaveInitProc
 0002:00005940       NeedToUninitialize
 0002:00005944       .6
 0002:00005948       MSXML_DOM
 0002:0000594C       .12
 0002:00005950       DefaultDOMVendor
 0002:00005954       DOMVendors
 0002:00005958       .5
 0002:0000595C       .3
 0002:00005960       .3
 0002:00005964       TranslatorList
 0002:00005968       .15
 0002:0000596C       .5
 0002:00005970       .2
 0002:00005974       Form1
 0002:00005978       .2


Line numbers for worklist(worklist.pas) segment .text

    59 0001:0009417C    60 0001:000941AB    61 0001:000941B8    62 0001:000941C5
    63 0001:000941D3    64 0001:000941E3    65 0001:00094200    67 0001:00094212
    68 0001:0009421F    69 0001:00094253    70 0001:00094286    65 0001:00094289
    71 0001:0009428C    72 0001:00094353    74 0001:000943F4    74 0001:000943FB

Line numbers for main(main.pas) segment .text

    30 0001:00094594    31 0001:00094595    34 0001:000945A3    35 0001:000945B0
    36 0001:000945BD    37 0001:000945CA    38 0001:000945D7    39 0001:000945E4
    40 0001:000945F1    41 0001:000945FE    42 0001:0009460B    43 0001:00094618
    44 0001:00094625    45 0001:00094632    46 0001:0009463F    47 0001:0009464C
    48 0001:00094659    49 0001:00094666    50 0001:00094673    51 0001:00094680
    52 0001:0009468D    53 0001:00094699    55 0001:000946A2    57 0001:00094834
    57 0001:0009483B

Line numbers for dicom_worklist(C:\workspace\dicom_worklist\dicom_worklist.dpr) segment .text

    11 0001:00094B1C    12 0001:00094B2C    13 0001:00094B38    14 0001:00094B50
    15 0001:00094B5C

Bound resource files

C:\Arquivos de programas\EurekaLog 5\Delphi7\DIALOG.RES
c:\arquivos de programas\borland\delphi7\Lib\Buttons.res
c:\arquivos de programas\borland\delphi7\Lib\ExtDlgs.res
c:\arquivos de programas\borland\delphi7\Lib\Controls.res
main.dfm
dicom_worklist.res
dicom_worklist.drf


Program entry point at 0001:00094B1C
